# M1' probe-forced-false RED（返修轮，交付树）
# 树: 23ec960068497dd64e83155d3f1df062197bc0e2  基准 sha256(part05.js) = bc5994a74a60f05a97b4b1fe4e611268ec0abd54a67f5fd10523290c90577165
# 变异: _zwV8ProtoProxyGetSemantics 末行 return threw37; → return false;（探针强制 unwired）
# diff: ../M1-probe-forced-false-mutation.diff
# 日期: 2026-10-07

   Compiling zero-engine v0.1.0 (/home/lei/work/ZeroWeb/crates/engine)
    Finished `test` profile [unoptimized + debuginfo] target(s) in 9.08s
     Running unittests src/lib.rs (target/debug/deps/zero_engine-acbd885ebec27618)

running 6 tests
test js_dom_bridge::tests::npo_shadow_visibility_s37 ... FAILED
test js_dom_bridge::tests::npo_enumerable_faces_s37 ... ok
test js_dom_bridge::tests::npo_delete_faces_s37 ... FAILED
test js_dom_bridge::tests::npo_descriptor_gpn_s37 ... FAILED
test js_dom_bridge::tests::npo_chain_shape_s37 ... FAILED
test js_dom_bridge::tests::npo_child_realm_chain_s37 ... FAILED

failures:

---- js_dom_bridge::tests::npo_shadow_visibility_s37 stdout ----

thread 'js_dom_bridge::tests::npo_shadow_visibility_s37' (3336347) panicked at crates/engine/src/js_dom_bridge_tests/part38.rs:192:10:
called `Result::unwrap()` on an `Err` value: RuntimeError("TypeError: Cannot read properties of undefined (reading 'value')\nTypeError: Cannot read properties of undefined (reading 'value')\n    at <anonymous>:5:87")
note: run with `RUST_BACKTRACE=1` environment variable to display a backtrace

---- js_dom_bridge::tests::npo_delete_faces_s37 stdout ----

thread 'js_dom_bridge::tests::npo_delete_faces_s37' (3336341) panicked at crates/engine/src/js_dom_bridge_tests/part38.rs:269:5:
assertion `left == right` failed: NPO 级 sloppy delete ret=false（WebIDL [[Delete]]→false）
  left: "true"
 right: "false"

---- js_dom_bridge::tests::npo_descriptor_gpn_s37 stdout ----

thread 'js_dom_bridge::tests::npo_descriptor_gpn_s37' (3336342) panicked at crates/engine/src/js_dom_bridge_tests/part38.rs:126:5:
assertion `left == right` failed: NPO.hasOwnProperty(named) 真（own 观察面，Chrome 同款）
  left: "false"
 right: "true"

---- js_dom_bridge::tests::npo_chain_shape_s37 stdout ----

thread 'js_dom_bridge::tests::npo_chain_shape_s37' (3336339) panicked at crates/engine/src/js_dom_bridge_tests/part38.rs:52:5:
assertion `left == right` failed: window 的 [[Prototype]] 站 Window.prototype（WebIDL §3.7.3）
  left: "false"
 right: "true"

---- js_dom_bridge::tests::npo_child_realm_chain_s37 stdout ----

thread 'js_dom_bridge::tests::npo_child_realm_chain_s37' (3336340) panicked at crates/engine/src/js_dom_bridge_tests/part38.rs:369:10:
called `Result::unwrap()` on an `Err` value: RuntimeError("TypeError: Cannot convert undefined or null to object\nTypeError: Cannot convert undefined or null to object\n    at Object.getPrototypeOf (<anonymous>)\n    at <anonymous>:7:51")


failures:
    js_dom_bridge::tests::npo_chain_shape_s37
    js_dom_bridge::tests::npo_child_realm_chain_s37
    js_dom_bridge::tests::npo_delete_faces_s37
    js_dom_bridge::tests::npo_descriptor_gpn_s37
    js_dom_bridge::tests::npo_shadow_visibility_s37

test result: FAILED. 1 passed; 5 failed; 0 ignored; 0 measured; 2854 filtered out; finished in 0.05s

error: test failed, to rerun pass `-p zero-engine --lib`

# 还原后复核: bc5994a74a60f05a97b4b1fe4e611268ec0abd54a67f5fd10523290c90577165  crates/engine/src/js_dom_shim/part05.js
