TREE_SHA=9ec6a77cf8ac8e2d5ee38cdc11fae2b844cdfa98
   Compiling zero-engine v0.1.0 (/home/lei/work/ZeroWeb/crates/engine)
    Finished `test` profile [unoptimized + debuginfo] target(s) in 5.24s

running 2 tests
test js_dom_bridge::tests::named_access_attr_join_detached_gate_s43 ... FAILED
test js_dom_bridge::tests::named_access_collection_parsed_subtree_remove_s43 ... FAILED

failures:

---- js_dom_bridge::tests::named_access_attr_join_detached_gate_s43 stdout ----

thread 'js_dom_bridge::tests::named_access_attr_join_detached_gate_s43' (779084) panicked at crates/engine/src/js_dom_bridge_tests/part43.rs:133:5:
assertion `left == right` failed: detached 元素 setAttribute 命中名不入文档级集合（spec：named objects 限 document tree；修前混入为 3）
  left: "3"
 right: "2"
note: run with `RUST_BACKTRACE=1` environment variable to display a backtrace

---- js_dom_bridge::tests::named_access_collection_parsed_subtree_remove_s43 stdout ----

thread 'js_dom_bridge::tests::named_access_collection_parsed_subtree_remove_s43' (779085) panicked at crates/engine/src/js_dom_bridge_tests/part43.rs:82:5:
assertion `left == right` failed: held NA 集合随子树移除清空（spec：named objects 限当下 document tree；修前 stale 2）
  left: "2"
 right: "0"


failures:
    js_dom_bridge::tests::named_access_attr_join_detached_gate_s43
    js_dom_bridge::tests::named_access_collection_parsed_subtree_remove_s43

test result: FAILED. 0 passed; 2 failed; 0 ignored; 0 measured; 2903 filtered out; finished in 0.06s

EXIT=101
