test js_dom_bridge::tests::named_access_dynamic_childlist_register_s36 ... ok
test js_dom_bridge::tests::named_access_dynamic_removal_reregister_s36 ... ok
test js_dom_bridge::tests::named_access_batch_zero_hit_recycle_backing_s42 ... FAILED
test js_dom_bridge::tests::named_access_l36_ledger_delete_aligned_s40 ... ok
test js_dom_bridge::tests::named_access_dynamic_name_face_whitelist_s36 ... ok
test js_dom_bridge::tests::named_access_attr_shrink_morph_then_captured_live_s32 ... ok
test js_dom_bridge::tests::named_access_morph_product_zero_hit_recycle_s42 ... FAILED
test js_dom_bridge::tests::named_access_dynamic_broaden_collection_live_s36 ... ok
test js_dom_bridge::tests::named_access_iframe_whitelist_boundary_s33 ... ok
test js_dom_bridge::tests::named_access_native_attr_sync_s40 ... ok
test js_dom_bridge::tests::named_access_remove_attribute_id_disqualifies_s33 ... ok
test js_dom_bridge::tests::named_access_remove_attribute_name_disqualifies_s33 ... ok
test js_dom_bridge::tests::named_access_static_regression_s32 ... ok
test js_dom_bridge::tests::test_form_named_access_shadowing_t2pb1 ... ok
test js_dom_bridge::tests::named_access_reset_registry_functional_s40 ... ok
test js_dom_bridge::tests::named_access_reinstall_dead_marks_old_s32 ... ok
test js_dom_bridge::tests::named_access_recycled_collection_regenerates_s33 ... ok
test js_dom_bridge::tests::named_access_subtree_descendant_unregister_s40 ... ok
test js_dom_bridge::tests::named_access_shadow_tree_excluded_s40 ... ok

failures:

---- js_dom_bridge::tests::named_access_live_collection_tree_order_childlist_s42 stdout ----

thread 'js_dom_bridge::tests::named_access_live_collection_tree_order_childlist_s42' (3248758) panicked at crates/engine/src/js_dom_bridge_tests/part42.rs:131:5:
assertion `left == right` failed: insertBefore 中插成员落树序位（修前末位近似：[a,b,nu]）
  left: "false"
 right: "true"

---- js_dom_bridge::tests::named_access_live_collection_tree_order_attr_join_s42 stdout ----

thread 'js_dom_bridge::tests::named_access_live_collection_tree_order_attr_join_s42' (3248757) panicked at crates/engine/src/js_dom_bridge_tests/part42.rs:165:5:
assertion `left == right` failed: attr 并入成员落树序位（p 在树首；修前末位 push：[a,b,p]）
  left: "false"
 right: "true"
note: run with `RUST_BACKTRACE=1` environment variable to display a backtrace

---- js_dom_bridge::tests::named_access_batch_zero_hit_recycle_backing_s42 stdout ----

thread 'js_dom_bridge::tests::named_access_batch_zero_hit_recycle_backing_s42' (3248731) panicked at crates/engine/src/js_dom_bridge_tests/part42.rs:94:5:
assertion `left == right` failed: 批删 0 命中回收（wired 腿 backing 双面清除；修前 stale 空集合）
  left: "false"
 right: "true"

---- js_dom_bridge::tests::named_access_morph_product_zero_hit_recycle_s42 stdout ----

thread 'js_dom_bridge::tests::named_access_morph_product_zero_hit_recycle_s42' (3248759) panicked at crates/engine/src/js_dom_bridge_tests/part42.rs:60:5:
assertion `left == right` failed: morph 产物 0 命中回收（spec：0 named objects 则属性缺席；修前 stale 元素）
  left: "false"
 right: "true"


failures:
    js_dom_bridge::tests::named_access_batch_zero_hit_recycle_backing_s42
    js_dom_bridge::tests::named_access_live_collection_tree_order_attr_join_s42
    js_dom_bridge::tests::named_access_live_collection_tree_order_childlist_s42
    js_dom_bridge::tests::named_access_morph_product_zero_hit_recycle_s42

test result: FAILED. 22 passed; 4 failed; 0 ignored; 0 measured; 2868 filtered out; finished in 0.18s


[exited with code 0]
TREE_SHA=d1e2a3aae5418929eba84db4c33c147c2c44d0a4
