# mutation-red-s44-d：撤 added 方向 pendingRemoved 摘除点（part05.js addFlat 循环内 R51c 块）
# BASE_TREE_SHA=7c44d04de16a520e55101b6c65e8040467ad4007（HEAD=7c44d04de，工作树仅叠加 mutation-only-delta-s44-d.diff）
# 实测：parsed_subtree_move_lifecycle_s44 在 __r_moved_id 处红（part44.rs:209）——撤摘除点后
# m1/m2 同残 pendingRemoved+pendingAdded：fresh tag 面经 pendingAdded 双源并集仍复见 2（先过），
# ID 面快照命中被 stale pendingRemoved 剔除且 #id pending 回退不触发（host 快照仍命中）。
# 其余两钉保持绿（分 site 归因）；move 钉判别力由本变异承担（钉本体在 HEAD 绿）
---
   Compiling zero-engine v0.1.0 (/home/lei/work/ZeroWeb/crates/engine)
    Finished `test` profile [unoptimized + debuginfo] target(s) in 4.45s
     Running unittests src/lib.rs (target/debug/deps/zero_engine-acbd885ebec27618)

running 3 tests
test js_dom_bridge::tests::static_selector_query_parsed_subtree_remove_s44 ... ok
test js_dom_bridge::tests::named_access_doc_tree_root_head_mount_s44 ... ok
test js_dom_bridge::tests::parsed_subtree_move_lifecycle_s44 ... FAILED

failures:

---- js_dom_bridge::tests::parsed_subtree_move_lifecycle_s44 stdout ----

thread 'js_dom_bridge::tests::parsed_subtree_move_lifecycle_s44' (3351788) panicked at crates/engine/src/js_dom_bridge_tests/part44.rs:209:5:
assertion `left == right` failed: 回插向：id 查询面复见
  left: "false"
 right: "true"
note: run with `RUST_BACKTRACE=1` environment variable to display a backtrace


failures:
    js_dom_bridge::tests::parsed_subtree_move_lifecycle_s44

test result: FAILED. 2 passed; 1 failed; 0 ignored; 0 measured; 2905 filtered out; finished in 0.06s

error: test failed, to rerun pass `-p zero-engine --lib`
EXIT=101
