TREE_SHA=716fdc069a89939e4ab617db40aec791ae45c42f
8c5752049ab20ab1f5d9fe2e26e289625d1625a9
    Finished `test` profile [unoptimized + debuginfo] target(s) in 0.17s
     Running unittests src/lib.rs (target/debug/deps/zero_engine-acbd885ebec27618)

running 1023 tests
test js_dom_bridge::tests::form_submission_uses_live_text_values_without_changing_defaults ... ok
test js_dom_bridge::tests::form_entry_list_covers_basic_control_family ... ok
test js_dom_bridge::tests::label_control_resolution_supports_for_and_nested_controls ... ok
test js_dom_bridge::tests::computed_font_variation_settings_serializes_and_inherits ... ok
test js_dom_bridge::tests::fetch_sync_wire_preserves_response_contract ... ok

thread 'js_dom_bridge::tests::named_access_doc_tree_root_head_mount_s44' (3320862) panicked at crates/engine/src/js_dom_bridge_tests/part44.rs:135:5:
assertion `left == right` failed: head 内挂载 id 命名元素入 named objects（spec document tree 判定；修前 body 根谓词漏判为 undefined）
  left: "false"
 right: "true"
note: run with `RUST_BACKTRACE=1` environment variable to display a backtrace
test js_dom_bridge::tests::named_access_doc_tree_root_head_mount_s44 ... FAILED
test js_dom_bridge::tests::form_owner_attribute_does_not_fall_back_to_ancestor ... ok
test js_dom_bridge::tests::html5test_inner_html_is_synchronously_observable_on_created_element ... ok
test js_dom_bridge::tests::named_access_attr_shrink_morph_then_captured_live_s32 ... ok
test js_dom_bridge::tests::named_access_dynamic_attr_register_disqualify_s36 ... ok
test js_dom_bridge::tests::appended_node_id_is_visible_before_renderer_commit ... ok
test js_dom_bridge::tests::named_access_collection_parsed_subtree_remove_s43 ... ok
test js_dom_bridge::tests::named_access_attr_join_detached_gate_s43 ... ok
test js_dom_bridge::tests::named_access_dynamic_name_face_whitelist_s36 ... ok
test js_dom_bridge::tests::named_access_attr_shrink_and_morph_s32 ... ok
test js_dom_bridge::tests::named_access_dynamic_name_boundary_s32 ... ok
test js_dom_bridge::tests::named_access_dynamic_broaden_collection_live_s36 ... ok
test js_dom_bridge::tests::named_access_batch_zero_hit_recycle_backing_s42 ... ok
test js_dom_bridge::tests::named_access_dead_handle_proxy_entry_boundary_s42 ... ok
test js_dom_bridge::tests::named_access_dynamic_childlist_register_s36 ... ok
test js_dom_bridge::tests::named_access_dynamic_removal_reregister_s36 ... ok
test js_dom_bridge::tests::named_access_native_attr_sync_s40 ... ok
test js_dom_bridge::tests::named_access_static_regression_s32 ... ok
test js_dom_bridge::tests::named_access_l36_ledger_delete_aligned_s40 ... ok
test js_dom_bridge::tests::named_access_remove_attribute_id_disqualifies_s33 ... ok
test js_dom_bridge::tests::named_access_live_collection_tree_order_attr_join_s42 ... ok
test js_dom_bridge::tests::named_access_recycled_collection_regenerates_s33 ... ok
test js_dom_bridge::tests::named_access_iframe_name_delegation_s40 ... ok
test js_dom_bridge::tests::named_access_shadow_tree_excluded_s40 ... ok
test js_dom_bridge::tests::named_access_reinstall_dead_marks_old_s32 ... ok
test js_dom_bridge::tests::named_access_morph_product_zero_hit_recycle_s42 ... ok
test js_dom_bridge::tests::named_access_iframe_whitelist_boundary_s33 ... ok
test js_dom_bridge::tests::named_access_remove_attribute_name_disqualifies_s33 ... ok
test js_dom_bridge::tests::named_access_live_childlist_append_remove_s32 ... ok
test js_dom_bridge::tests::named_access_reset_registry_functional_s40 ... ok
test js_dom_bridge::tests::named_access_live_collection_tree_order_childlist_s42 ... ok
test js_dom_bridge::tests::named_access_subtree_descendant_unregister_s40 ... ok
test js_dom_bridge::tests::parsed_fragment_elements_expose_geometry_api ... ok
test js_dom_bridge::tests::npo_delete_faces_s37 ... ok
test js_dom_bridge::tests::npo_enumerable_faces_s37 ... ok
test js_dom_bridge::tests::npo_chain_shape_s37 ... ok
test js_dom_bridge::tests::npo_shadow_visibility_s37 ... ok
test js_dom_bridge::tests::npo_descriptor_gpn_s37 ... ok
test js_dom_bridge::tests::r220_deep_clone_preserves_cdata_and_pi_children ... ok
test js_dom_bridge::tests::non_text_input_rejects_text_selection_operations ... ok
test js_dom_bridge::tests::r219_insert_before_anti_recursion_and_fallback ... ok
test js_dom_bridge::tests::r223_doc_append_child_parent_node_sticks ... ok
test js_dom_bridge::tests::parsed_subtree_move_lifecycle_s44 ... ok
test js_dom_bridge::tests::r221_iframe_doc_body_rebind_on_docel_append ... ok
test js_dom_bridge::tests::npo_child_realm_chain_s37 ... ok
test js_dom_bridge::tests::r222_iframe_doc_doctype_in_childnodes ... ok
test js_dom_bridge::tests::r225_insert_node_doc_order_and_fragment_flatten ... ok
test js_dom_bridge::tests::r224_insert_node_rejects_document_type_node ... ok
test js_dom_bridge::tests::r234_dynamic_document_element_and_extract_semantics ... ok
test js_dom_bridge::tests::r238_node_prototype_remove_generic ... ok
test js_dom_bridge::tests::r239_partial_check_order_and_traversal ... ok
test js_dom_bridge::tests::r228_detached_chardata_interval_surround ... ok
test js_dom_bridge::tests::r237_surround_path4_full_order ... ok
test js_dom_bridge::tests::r226_self_ref_insert_before_keeps_position ... ok
test js_dom_bridge::tests::r235_leaf_newparent_extract_first_variants ... ok
test js_dom_bridge::tests::r241_extract_move_semantics_on_clone_append ... ok
test js_dom_bridge::tests::r244_doc_container_doctype_contained_surround_hre ... ok
test js_dom_bridge::tests::r245_factory_parent_move_semantics ... ok
test js_dom_bridge::tests::r242_element_ec_ancestor_extract ... ok
test js_dom_bridge::tests::r240_ancestor_extract_moves_contained_children ... ok
test js_dom_bridge::tests::r249_iframe_element_own_remove_child_splices ... ok
test js_dom_bridge::tests::r243_detached_doc_docelement_cdp_surface ... ok
test js_dom_bridge::tests::r256_factory_docelement_mutation_rewires_siblings ... ok
test js_dom_bridge::tests::r254_surround_clone_detaches_newparent_before_deepclone ... ok
test js_dom_bridge::tests::r255_repro_reference_doc_clone_chain ... ok
test js_dom_bridge::tests::r260_data_mutation_adjusts_live_ranges ... ok
test js_dom_bridge::tests::r258_selectnode_sc_fallback_endoffset ... ok
test js_dom_bridge::tests::r236_ancestor_element_range_surround_extract ... ok
test js_dom_bridge::tests::r257_self_surround_ancestor_hre_and_div_wrap ... ok
test js_dom_bridge::tests::r261_splittext_range_retarget ... ok
test js_dom_bridge::tests::r259_leaf_hre_extract_first_boundaries ... ok
test js_dom_bridge::tests::r267_deletecontents_ancestor_chardata ... ok
test js_dom_bridge::tests::r265_insertbefore_text_ref_registry_insert ... ok
test js_dom_bridge::tests::r266_deletecontents_detached_chardata ... ok
test js_dom_bridge::tests::r269_deletecontents_document_container ... ok
test js_dom_bridge::tests::r268_deletecontents_cross_chardata ... ok
test js_dom_bridge::tests::r262_removechild_range_boundary_migration ... ok
R288SCRIPT: [{"k":"T","v":"\n"},{"k":"E","s":"html:nth-child(1) > body:nth-child(2) > script:nth-child(1)"},{"k":"T","v":"\n"},{"k":"E","s":"html:nth-child(1) > body:nth-child(2) > script:nth-child(2)"},{"k":"T","v":"\n"}]
test js_dom_bridge::tests::r288_probe_body_script_children_preserved ... ok
test js_dom_bridge::tests::r263_insert_range_boundary_adjust ... ok
test js_dom_bridge::tests::r270_title_cdp_methods ... ok
test js_dom_bridge::tests::r271_removechild_plain_child_in_registry ... ok
test js_dom_bridge::tests::r278_clone_realm_paras_sibling_chain ... ok
test js_dom_bridge::tests::r273_cdata_sibling_navigation ... ok
test js_dom_bridge::tests::r279_sc_element_cross_container_delete ... ok
R280PROBE: tree=4[P#a(A0123),P#b(B0123),P#c(C012),#comment(ilcm-longpad)] frag=3[P#c(3),P#d(D0123),#comment(ta)]|col=true/3
test js_dom_bridge::tests::r280_cross_container_extract_probe ... ok
test js_dom_bridge::tests::r281_cross_container_clone_contents ... ok
R282PROBE: pre=3[html,HTML,#comment]|post=2[html,#comment("mmenter tail")] frag=2[HTML,#comment("Co")]|col=true/1
test js_dom_bridge::tests::r282_doc_sc_extract_foreign_comment ... ok
test js_dom_bridge::tests::r284_doc_container_covered_children ... ok
test js_dom_bridge::tests::r289_intersects_node_strict_boundary_adjacency ... ok
R288CBP: sameEnd=-1|ancStart=-1|sibStart=1|sibStartRev=-1|ets=-1
test js_dom_bridge::tests::r288_compare_boundary_points_pair_selection ... ok
test js_dom_bridge::tests::r289_range_constructor_initial_boundaries ... ok
R286PROBE: pre kids=1 html="<span>ABC</span>"|post kids=0 html=""
test js_dom_bridge::tests::r298_query_in_subtree_scope_pseudo_class ... ok
test js_dom_bridge::tests::r286_shadowroot_delete_all_children ... ok
test js_dom_bridge::tests::r283_element_sc_deep_extract ... ok
R288PROBE: foreignDt:WrongDocumentError|xmlDt:WrongDocumentError|mainDt:InvalidNodeTypeError
test js_dom_bridge::tests::r288_compare_point_doctype_root_order ... ok
test js_dom_bridge::tests::r289_select_node_contents_chardata_length_and_doctype_throw ... ok
test js_dom_bridge::tests::r290_remove_handle_parent_and_registry ... ok
test js_dom_bridge::tests::r290_interface_prototype_constructor_identity ... ok
test js_dom_bridge::tests::r292_query_selector_struct_node_identity ... ok
test js_dom_bridge::tests::r290_node_constants_on_instances ... ok
test js_dom_bridge::tests::r294_mo_records_sibling_fields_and_textel_identity ... ok
test js_dom_bridge::tests::r2944_host_dispatch_reaches_handle_keyed_onload_without_reverse_map ... ok
test js_dom_bridge::tests::r287_clone_doc_sc_fragment ... ok
test js_dom_bridge::tests::r295_iframe_realm_node_constructors_owner_document ... ok
test js_dom_bridge::tests::r296_insert_before_validation_order ... ok
test js_dom_bridge::tests::r293_insert_adjacent_text_semantics ... ok
test js_dom_bridge::tests::r297_query_selector_escapes_lone_surrogate_never_match ... ok
test js_dom_bridge::tests::r300_insert_before_step3_ordering_and_doc_parent_step6 ... ok
test js_dom_bridge::tests::r302_mo_callback_realm_error_reporting ... ok
test js_dom_bridge::tests::r299_attr_selector_case_flags ... ok
test js_dom_bridge::tests::r303_mo_disconnect_discards_pending_records ... ok
R303-PROBE: recs=1|adLen=2|fc=SPAN|lc=SPAN|ad0=SPAN|fcEqAd0=true|lcEqAd1=true|fcIsText=false
test js_dom_bridge::tests::r303_probe_inner_html_added_identity ... ok
test js_dom_bridge::tests::r301_mo_move_records_sibling_fields ... ok
test js_dom_bridge::tests::r306_bare_universal_doc_query_struct_first ... ok
R308: indoc:div=-1/len=2,2|frag:div=-1/len=3,3|detach:div=-1/len=2,2|extraInRes=true
test js_dom_bridge::tests::r308_iframe_domain_query_identity ... ok
R309: container=DIV|first=link-a|second=link-b|third=link-a
R308-M: fragHasKids=1|i4=INPUT[i4]|checked=true|srcTail="<div id=\"pseudo-ui\"><input id=\"i4\" type=\"radio\" checked=\"checked\"></div>"|hostHit=1/id=i4
test js_dom_bridge::tests::r309_removed_elements_repro ... ok
test js_dom_bridge::tests::r308_matches_void_regression_probe ... ok
R310: initial=a1,a2,a3|afterRemove=a1,a3|afterMethodRemove=1|qsRemovedNull=true|qsLiveHit=true
R311: tc=123456789012|tcNoCommentPI=123456789012|cdSelf=abc
R312-M: afterRedispatch=false|clickStill=true|firstMouseup=true|firstClick=true
test js_dom_bridge::tests::r310_pending_removed_query_repro ... ok
test js_dom_bridge::tests::r311_cdata_text_content_concat ... ok
R312: beforeTrusted=false|afterTrusted=false|reentrant=InvalidStateError|reDispatch=none
test js_dom_bridge::tests::r312_redispatch_is_trusted_repro ... ok
test js_dom_bridge::tests::r312_mouseup_redispatch_repro2 ... ok
R314-DIAG: lastChild=P|pPrevSib=HEAD|prevNode=TITLE
R317-OUT: dtInst=true|dtAt1=true|cmAt0=true|docKids=8,10,1|cec=3|cecIn=true,true,true|dtpub=STAFF,staffNS.dtd,html
test js_dom_bridge::tests::r307_tree_order_identity_domains ... ok
test js_dom_bridge::tests::r314_treewalker_regraft_diagnostics ... ok
test js_dom_bridge::tests::r317_doctype_brand_and_parentnode_in_visibility ... ok
R313: disNow=true|clickWhileDisabled=0|disAfterUnset=false|clickAfterEnable=1|directDispatchWhileDisabled=2|disStill=true
test js_dom_bridge::tests::r315_regraft_sibling_identity_resurrection ... ok
R318-PROBE: base=4|after1=5|kids=5|after2=6|own=0.1.2.3.4.5.foo.bar.baz
test js_dom_bridge::tests::r318_children_ns_append_probe ... ok
test js_dom_bridge::tests::r313_disabled_click_and_boolean_roundtrip ... ok
test js_dom_bridge::tests::r320_template_script_inert_probe ... ok
test js_dom_bridge::tests::r320_handlers_changed_attribution ... ok
test js_dom_bridge::tests::r319_wholetext_contiguous_semantics ... ok
test js_dom_bridge::tests::r321_replacewith_fragment_flatten ... ok
test js_dom_bridge::tests::r331_listener_swap_bubble_phase_refresh ... ok
test js_dom_bridge::tests::r323_tree_order_merge ... ok
test js_dom_bridge::tests::r322_query_handle_subtree_merge ... ok
test js_dom_bridge::tests::r379_replacewith_mark_and_generation_bump ... ok
test js_dom_bridge::tests::r3254_e2_slice13_apply_generation_invalidates_removed_compensation ... ok
test js_dom_bridge::tests::r387_dynamic_script_append_executes ... ok
test js_dom_bridge::tests::r387b_host_owns_dynamic_scripts_skips_shim_fetch ... ok
test js_dom_bridge::tests::r380_fused_innerhtml_and_text_registry_children ... ok
test js_dom_bridge::tests::r387b2_host_dynamic_scripts_bootstrap_flag_skips_shim_fetch ... ok
test js_dom_bridge::tests::r5010_r100_handle_proxy_child_reads_anchor_sel_after_iadj_html_apply ... ok
test js_dom_bridge::tests::r51_ancestor_append_throws_hierarchy_request_error ... ok
test js_dom_bridge::tests::r4875_storage_interface_and_named_properties ... ok
test js_dom_bridge::tests::r51_detached_handle_node_parent_node_is_null ... ok
test js_dom_bridge::tests::r51_handle_child_parent_node_reflects_real_parent ... ok
test js_dom_bridge::tests::r388_iframe_history_navigation_preserves_session_history ... ok
test js_dom_bridge::tests::r51_self_append_throws_hierarchy_request_error ... ok
test js_dom_bridge::tests::r51_moved_node_leaves_old_parent_childnodes ... ok
test js_dom_bridge::tests::r51_text_view_children_merge_with_appended_children ... ok
test js_dom_bridge::tests::r51c_query_selector_falls_back_to_pending_added_by_id ... ok
test js_dom_bridge::tests::r54_build_time_pending_merge_skips_detached ... ok
test js_dom_bridge::tests::r55_reregister_invalidates_base_cache ... ok
test js_dom_bridge::tests::r51c_remove_after_append_zeroes_out_pending ... ok
test js_dom_bridge::tests::r54_detached_container_subtree_not_in_document_collection ... ok
test js_dom_bridge::tests::r54_invalidate_add_branch_filters_detached_growth ... ok
test js_dom_bridge::tests::r55_childnodes_base_cache_identity_and_freshness ... ok
test js_dom_bridge::tests::r387c_loadmatrix_fixture_single_execution_end_to_end ... ok
test js_dom_bridge::tests::r79_contains_self_descendant_and_document_chain ... ok
test js_dom_bridge::tests::r79_compare_document_position_bitmask_family ... ok
test js_dom_bridge::tests::r79_parent_element_of_document_element_is_null_but_parent_node_is_document ... ok
test js_dom_bridge::tests::r80_create_element_ns_html_uppercase_and_validation ... ok
test js_dom_bridge::tests::r79_handle_element_sibling_navigation ... ok
test js_dom_bridge::tests::r81_create_element_namespace_by_document_type ... ok
test js_dom_bridge::tests::r80_node_constants_and_node_value ... ok
test js_dom_bridge::tests::r81_document_text_content_null_and_pi_text_content ... ok
test js_dom_bridge::tests::r82_whattoshow_unsigned_and_pointer_semantics ... ok
test js_dom_bridge::tests::r83_handle_element_before_after_and_innerhtml ... ok
test js_dom_bridge::tests::r83_walker_mask_fresh_start_and_optional_semantics ... ok
test js_dom_bridge::tests::r81_text_content_fused_read_and_replace_children ... ok
test js_dom_bridge::tests::structural_path_fastpath_falls_back_for_non_structural_forms ... ok
test js_dom_bridge::tests::structural_path_fastpath_matches_css_engine_all_elements ... ok
test js_dom_bridge::tests::structural_path_fastpath_rejects_mismatched_segments ... ok
test js_dom_bridge::tests::structural_path_fastpath_rejects_non_ident_tag_chars ... ok
test js_dom_bridge::tests::r84_sibling_text_node_navigation_chain ... ok
test js_dom_bridge::tests::r84_treewalker_filter_false_rejects_and_root_unfiltered ... ok
test js_dom_bridge::tests::r85_treewalker_navigational_hierarchy_and_prevnode ... ok
test js_dom_bridge::tests::r86_detached_subtree_children_and_iterator_retarget ... ok
test js_dom_bridge::tests::r85_treewalker_reject_prunes_prevnode_and_sibling_climb ... ok
test js_dom_bridge::tests::r84_cdata_parent_link_and_iterator_detach_reentrancy ... ok
test js_dom_bridge::tests::r87_previous_node_before_false_returns_ref_via_filter ... ok
test js_dom_bridge::tests::r85_html_sibling_doctype ... ok
test js_dom_bridge::tests::r87_text_child_second_removal_cycle_retargets ... ok
test js_dom_bridge::tests::r86_reappend_clears_removed_marker ... ok
test js_dom_bridge::tests::r89_setter_does_not_run_filter_recursive_throws_on_traverse ... ok

thread 'js_dom_bridge::tests::static_selector_query_parsed_subtree_remove_s44' (3321226) panicked at crates/engine/src/js_dom_bridge_tests/part44.rs:61:10:
called `Result::unwrap()` on an `Err` value: RuntimeError("TypeError: Cannot read properties of undefined (reading 'length')\nTypeError: Cannot read properties of undefined (reading 'length')\n    at <anonymous>:5:51")
test js_dom_bridge::tests::r88_filter_removes_candidate_retargets_reference ... ok
test js_dom_bridge::tests::test_anchor_click_target_blank_nav_s29 ... ok
test js_dom_bridge::tests::test_anchor_click_target_hit_descendant_walk_s29 ... ok
test js_dom_bridge::tests::test_anchor_click_target_r3052 ... ok
test js_dom_bridge::tests::test_anchor_hash_target_r3053 ... ok
test js_dom_bridge::tests::static_selector_query_parsed_subtree_remove_s44 ... FAILED
test js_dom_bridge::tests::test_anchor_javascript_target_r3057 ... ok
test js_dom_bridge::tests::r88_filter_removes_ancestor_in_flight_previous ... ok
test js_dom_bridge::tests::t8c_handle_childnodes_fusion_guard ... ok
test js_dom_bridge::tests::test_apply_append_child_by_handle_path_t7 ... ok
test js_dom_bridge::tests::test_apply_append_child_by_path_lenient_miss_t7 ... ok
test js_dom_bridge::tests::test_apply_append_child_by_sel_path_t7 ... ok
test js_dom_bridge::tests::test_apply_class_name_via_set_attr ... ok
test js_dom_bridge::tests::test_apply_create_and_append ... ok
test js_dom_bridge::tests::test_apply_create_document_fragment_flatten ... ok
test js_dom_bridge::tests::test_apply_inner_html ... ok
test js_dom_bridge::tests::test_apply_insert_adjacent_element_afterend_sibling ... ok
test js_dom_bridge::tests::test_apply_insert_adjacent_element_beforeend_child ... ok
test js_dom_bridge::tests::test_apply_insert_adjacent_element_reparents ... ok
test js_dom_bridge::tests::test_apply_insert_adjacent_html_afterbegin ... ok
test js_dom_bridge::tests::test_apply_insert_adjacent_html_afterend_last_child ... ok
test js_dom_bridge::tests::test_apply_insert_adjacent_html_afterend_with_next_sibling ... ok
test js_dom_bridge::tests::test_apply_insert_adjacent_html_beforebegin ... ok
test js_dom_bridge::tests::test_apply_insert_adjacent_html_beforeend ... ok
test js_dom_bridge::tests::test_apply_insert_adjacent_html_invalid_position ... ok
test js_dom_bridge::tests::test_apply_insert_adjacent_html_nested_subtree ... ok
test js_dom_bridge::tests::test_apply_insert_adjacent_html_text_only_fragment ... ok
test js_dom_bridge::tests::test_apply_insert_adjacent_text_beforebegin_sibling ... ok
test js_dom_bridge::tests::test_apply_insert_adjacent_text_literal ... ok
test js_dom_bridge::tests::test_apply_select_option_mutation ... ok
test js_dom_bridge::tests::r89_previous_node_accept_with_children_digs_last ... ok
test js_dom_bridge::tests::t8e_children_cache_reset_on_pending_state_swap ... ok
test js_dom_bridge::tests::test_apply_set_attr_src ... ok
test js_dom_bridge::tests::test_apply_set_inner_html_character_reference_r5000 ... ok
test js_dom_bridge::tests::test_apply_set_inner_html_table_context_r3183 ... ok
test js_dom_bridge::tests::test_apply_set_inner_html_svg_xlink_prefix_r3206 ... ok
test js_dom_bridge::tests::test_apply_set_outer_html_empty_removes ... ok
test js_dom_bridge::tests::test_apply_set_outer_html_nested_fragment ... ok
test js_dom_bridge::tests::test_apply_set_outer_html_replaces_element ... ok
test js_dom_bridge::tests::test_apply_set_outer_html_text_fragment ... ok
test js_dom_bridge::tests::test_apply_set_style ... ok
test js_dom_bridge::tests::test_apply_with_handles_uses_post_mutation_state ... ok
test js_dom_bridge::tests::test_apply_with_handles_maps_unique_selectors ... ok
test js_dom_bridge::tests::t8e_children_collection_identity_and_live_handle_path ... ok
test js_dom_bridge::tests::t8e_children_replace_child_member ... ok
test js_dom_bridge::tests::tabindex_defaults_follow_native_focusability ... ok
test js_dom_bridge::tests::t8e_children_text_anchor_walk ... ok
test js_dom_bridge::tests::t8e_children_same_parent_move ... ok
test js_dom_bridge::tests::t8e_children_multi_node_batch_tree_order ... ok
test js_dom_bridge::tests::test_abort_controller_signal_r2777 ... ok
test js_dom_bridge::tests::t8e_children_sel_path_cache_and_fallback_livespec ... ok
test js_dom_bridge::tests::test_a_click_hash_activation_in_checkbox_parent_r154 ... ok
test js_dom_bridge::tests::test_atob_btoa_crypto_randomuuid_r2770 ... ok
test js_dom_bridge::tests::test_anchor_url_component_setters_r3070 ... ok
test js_dom_bridge::tests::test_anchor_url_decomposition_r2838 ... ok
test js_dom_bridge::tests::test_append_domain_identity_baseline_r338 ... ok
test js_dom_bridge::tests::test_at_target_stop_propagation_halts_same_element_r34 ... ok
test js_dom_bridge::tests::test_ascii_whitespace_class_domain_r124 ... ok
test js_dom_bridge::tests::test_attr_instanceof_and_namespace_attrs_r3024 ... ok
test js_dom_bridge::tests::test_attr_identity_and_multi_instance_r122 ... ok
test js_dom_bridge::tests::test_attribute_case_and_ns_metadata_r116 ... ok
test js_dom_bridge::tests::test_attr_same_value_and_handle_text_records_r336 ... ok
test js_dom_bridge::tests::test_attribute_query_api ... ok
test js_dom_bridge::tests::test_attributes_namednodemap_value_latest_wins_r3003 ... ok
test js_dom_bridge::tests::test_blob_and_object_url_r2789 ... ok
test js_dom_bridge::tests::test_before_after_order_e2e ... ok
test js_dom_bridge::tests::test_back_forward_hashchange_r3007 ... ok
test js_dom_bridge::tests::test_audio_constructor_and_media_methods_r2835 ... ok
test js_dom_bridge::tests::test_body_onload_reflection_r2946 ... ok
test js_dom_bridge::tests::test_body_frameset_window_forwarding_handlers_r107 ... ok
test js_dom_bridge::tests::test_blob_stream_response_body_readers_r2978 ... ok
test js_dom_bridge::tests::t8c_tag_resolution_correct_through_bulk_appends ... ok
test js_dom_bridge::tests::test_broadcast_channel_r2783 ... ok
test js_dom_bridge::tests::test_boolean_reflected_property_e2e ... ok
test js_dom_bridge::tests::test_cache_api_page_shim_add_all_rejects_fragment_duplicates ... ok
test js_dom_bridge::tests::test_cache_api_dedicated_worker_uses_window_cache_storage_bridge ... ok
test js_dom_bridge::tests::test_blob_real_bytes_r3011 ... ok
test js_dom_bridge::tests::test_cached_document_styles_invalidates_on_drain_gen_change ... ok
test js_dom_bridge::tests::test_cached_document_styles_invalidates_on_generation_change ... ok
test js_dom_bridge::tests::test_cached_document_styles_reuses_doc_within_generation ... ok
test js_dom_bridge::tests::test_buttonish_probe_r3254_k4_slice2 ... ok
test js_dom_bridge::tests::test_cache_api_page_shim_host_roundtrip ... ok
test js_dom_bridge::tests::test_boolean_reflected_set_false_r3039 ... ok
test js_dom_bridge::tests::test_cache_api_page_shim_add_all_rejects_without_partial_puts ... ok
test js_dom_bridge::tests::test_boolean_reflected_getter_latest_wins_r2997 ... ok
test js_dom_bridge::tests::test_cache_api_page_shim_add_and_add_all_wire ... ok
test js_dom_bridge::tests::test_cache_api_page_shim_add_all_validates_entries_and_vary_duplicates ... ok
test js_dom_bridge::tests::test_cache_api_page_shim_puts_error_response ... ok
test js_dom_bridge::tests::test_cache_api_page_shim_query_options_wire ... ok
test js_dom_bridge::tests::test_cache_api_page_shim_put_response_validation_and_opaque_internal_response ... ok
test js_dom_bridge::tests::test_cache_api_page_shim_rejects_without_host_bridge ... ok
test js_dom_bridge::tests::test_cache_storage_name_uses_domstring_code_units_in_host_wire ... ok
test js_dom_bridge::tests::test_cache_api_page_shim_required_arguments_reject ... ok
test js_dom_bridge::tests::test_cache_api_storage_buckets_namespace_and_delete ... ok
test js_dom_bridge::tests::test_canvas_capture_stream_track_marks_service_worker_messageerror ... ok
test js_dom_bridge::tests::test_canvas_create_image_bitmap_flip_y_r34xx ... ok
test js_dom_bridge::tests::test_canvas_ctr_global_eager_registration ... ok
test js_dom_bridge::tests::test_canvas_create_image_bitmap_sources_r3310 ... ok
test js_dom_bridge::tests::test_canvas_ctx2d_text_imagedata_r3078 ... ok
test js_dom_bridge::tests::test_canvas_ctx2d_gradient_r3079 ... ok
test js_dom_bridge::tests::test_canvas_create_image_bitmap_r3309 ... ok
test js_dom_bridge::tests::test_canvas_create_image_bitmap_img_source_r_baidu7 ... ok
test js_dom_bridge::tests::test_canvas_dash_image_smoothing_r3305 ... ok
test js_dom_bridge::tests::test_canvas_create_image_bitmap_crop_r3311 ... ok
test js_dom_bridge::tests::test_canvas_get_context_r2795 ... ok
test js_dom_bridge::tests::test_canvas_ctx2d_pattern_r3085 ... ok
test js_dom_bridge::tests::test_canvas_draw_image_r2799 ... ok
test js_dom_bridge::tests::test_canvas_dom_get_context_r3077 ... ok
test js_dom_bridge::tests::test_canvas_float16_overlay_roundtrip_r34xx ... ok
test js_dom_bridge::tests::test_canvas_get_transform_dommatrix_r2985 ... ok
test js_dom_bridge::tests::test_canvas_path2d_svg_string_r3307 ... ok
test js_dom_bridge::tests::test_canvas_measure_text_full_fields_r3303 ... ok
test js_dom_bridge::tests::test_child_nodes_json_escape ... ok
test js_dom_bridge::tests::test_child_nodes_json_mixed ... ok
test js_dom_bridge::tests::test_canvas_resize_clears_bitmap_r3308 ... ok
test js_dom_bridge::tests::test_canvas_path2d_r3306 ... ok
test js_dom_bridge::tests::test_canvas_round_rect_and_hit_test_r3291 ... ok
test js_dom_bridge::tests::test_class_decl_global_export_r3254_k3 ... ok
test js_dom_bridge::tests::test_canvas_slice2_r2796 ... ok
test js_dom_bridge::tests::test_canvas_slice4_r2798 ... ok
test js_dom_bridge::tests::test_canvas_text_state_props_r3304 ... ok
test js_dom_bridge::tests::test_classic_script_strict_const_let_globals_r198 ... ok
test js_dom_bridge::tests::test_classic_script_strict_function_globals_r147 ... ok
test js_dom_bridge::tests::test_cdata_splittext_and_fragment_insertbefore_r218 ... ok
test js_dom_bridge::tests::test_classic_script_strict_async_generator_globals_wab2m1 ... ok
test js_dom_bridge::tests::test_classic_script_strict_var_accessor_export_r201 ... ok
test js_dom_bridge::tests::test_canvas_single_dim_resize_keeps_html_attr_c6 ... ok
test js_dom_bridge::tests::test_canvas_transfer_control_to_offscreen_r3313 ... ok
test js_dom_bridge::tests::test_clear_generation_cache_forces_recompute ... ok
test js_dom_bridge::tests::test_canvas_to_data_url_r2797 ... ok
test js_dom_bridge::tests::test_character_data_method_family_r129 ... ok
test js_dom_bridge::tests::test_character_data_methods_r2823 ... ok
test js_dom_bridge::tests::test_canvas_to_blob_r3296 ... ok
test js_dom_bridge::tests::test_character_data_old_value_and_text_lw_r3028 ... ok
test js_dom_bridge::tests::test_children_collection_scope_attribution_r333 ... ok
test js_dom_bridge::tests::test_child_parent_node_mutation_family_r117 ... ok
test js_dom_bridge::tests::test_checkbox_click_in_form_clone_r154 ... ok
test js_dom_bridge::tests::test_closest_matching_selector ... ok
test js_dom_bridge::tests::test_closest_scope_pseudo_class_r153 ... ok
test js_dom_bridge::tests::test_children_live_collection_and_snapshot_reset_r358 ... ok
test js_dom_bridge::tests::test_collect_element_ids_dedup_preserve_order ... ok
test js_dom_bridge::tests::test_collect_multi_match_id_face_tree_order_s30 ... ok
test js_dom_bridge::tests::test_classlist_dedupe_and_contains_whitespace_r13 ... ok
test js_dom_bridge::tests::test_collect_multi_match_negative_non_nameable_and_single_s30 ... ok
test js_dom_bridge::tests::test_classlist_domtokenlist_full_r3032 ... ok
test js_dom_bridge::tests::test_collect_element_ids_empty ... ok
test js_dom_bridge::tests::test_collect_multi_match_same_element_id_name_once_s30 ... ok
test js_dom_bridge::tests::test_collect_name_face_empty_name_skipped_s28 ... ok
test js_dom_bridge::tests::test_collect_name_face_elements_tree_order_s28 ... ok
test js_dom_bridge::tests::test_collect_name_face_non_nameable_tags_s28 ... ok
test js_dom_bridge::tests::test_collect_name_face_id_name_same_value_dedup_s28 ... ok
test js_dom_bridge::tests::test_collect_name_face_order_id_only_regression_s28 ... ok
test js_dom_bridge::tests::test_clipboard_item_rich_mime_wab2m2 ... ok
test js_dom_bridge::tests::test_classlist_replace_validation_dedup_mutation_and_assignment_r19 ... ok
test js_dom_bridge::tests::test_computed_style_cache_reuse_composition ... ok
test js_dom_bridge::tests::test_click_activation_input_change_bubbles_and_checked_rolled_back_on_prevent_r112 ... ok
test js_dom_bridge::tests::test_click_activation_fires_input_and_change_when_attached_r112 ... ok
test js_dom_bridge::tests::test_clipboard_execcommand_copy_bridge_wab2m2s2 ... ok
test js_dom_bridge::tests::test_clipboard_write_read_round_trip_r2964 ... ok
test js_dom_bridge::tests::test_clipboard_permission_denied_and_validation_wab2m2s3 ... ok
test js_dom_bridge::tests::test_clone_node_all_node_kinds_r128 ... ok
test js_dom_bridge::tests::test_clone_node_deep_fills_child_registry_r151 ... ok
test js_dom_bridge::tests::test_clone_node_e2e ... ok
test js_dom_bridge::tests::test_clone_node_sel_attr_latest_wins_production_r3203 ... ok
test js_dom_bridge::tests::test_console_host_bridge_r3256 ... ok
test js_dom_bridge::tests::test_content_editable_enumerated_production_r3187 ... ok
test js_dom_bridge::tests::test_collection_named_item_t8f ... ok
test js_dom_bridge::tests::test_constraint_validation_r2825 ... ok
test js_dom_bridge::tests::test_computed_style_ua_default_display_s24 ... ok
test js_dom_bridge::tests::test_create_attribute_and_attr_instance_r3023 ... ok
test js_dom_bridge::tests::test_contenteditable_enter_r3254_m2 ... ok
test js_dom_bridge::tests::test_create_comment_r2816 ... ok
test js_dom_bridge::tests::test_compression_stream_r2986 ... ok
test js_dom_bridge::tests::test_create_document_type_r15 ... ok
test js_dom_bridge::tests::test_create_document_fragment_e2e ... ok
test js_dom_bridge::tests::test_contenteditable_typing_r3254_m2 ... ok
test js_dom_bridge::tests::test_create_element_ns_case_sensitive_and_namespace_uri_r18 ... ok
test js_dom_bridge::tests::test_create_event_aliases_and_not_supported_r14 ... ok
test js_dom_bridge::tests::test_create_event_keyboard_events_plural_throws_r151 ... ok
test js_dom_bridge::tests::test_classlist_consecutive_ops ... ok
test js_dom_bridge::tests::test_create_image_bitmap_invalid_args_c1 ... ok
test js_dom_bridge::tests::test_crypto_subtle_hkdf_r2958 ... ok
test js_dom_bridge::tests::test_crypto_subtle_aes_gcm_r2957 ... ok
test js_dom_bridge::tests::test_create_processing_instruction_r9 ... ok
test js_dom_bridge::tests::test_crypto_get_random_values_r2775 ... ok
test js_dom_bridge::tests::test_crypto_subtle_digest_r2793 ... ok
test js_dom_bridge::tests::test_crypto_subtle_hmac_r2955 ... ok
test js_dom_bridge::tests::test_css_supports_and_or_r2951 ... ok
test js_dom_bridge::tests::test_crypto_subtle_keyops_r2959 ... ok
test js_dom_bridge::tests::test_css_escape_supports_r2785 ... ok
test js_dom_bridge::tests::test_default_submit_button_selector_r3254_k3 ... ok
test js_dom_bridge::tests::test_crypto_subtle_pbkdf2_r2956 ... ok
test js_dom_bridge::tests::test_custom_elements_r2813 ... ok
test js_dom_bridge::tests::test_custom_elements_attr_changed_callback_r2992 ... ok
test js_dom_bridge::tests::test_dataset_handle_enumeration_production_r3196 ... ok
test js_dom_bridge::tests::test_dataset_e2e ... ok
test js_dom_bridge::tests::test_crypto_csprng_r2960 ... ok
test js_dom_bridge::tests::test_datatransfer_itemlist_r2948 ... ok
test js_dom_bridge::tests::test_custom_elements_connected_callback_r2994 ... ok
test js_dom_bridge::tests::test_dataset_handle_round_trip_production_r3195 ... ok
test js_dom_bridge::tests::test_dedicated_worker_imported_self_property_is_bare_global ... ok
test js_dom_bridge::tests::test_dedicated_worker_round_trip_r3089 ... ok
test js_dom_bridge::tests::test_decompression_stream_error_r2991 ... ok
test js_dom_bridge::tests::test_define_auto_upgrade_existing_elements_r149 ... ok
test js_dom_bridge::tests::test_dedicated_worker_nested_worker_resolves_against_parent_script_url ... ok
test js_dom_bridge::tests::test_default_checked_selected_independence_r2998 ... ok
test js_dom_bridge::tests::test_detached_attribute_mutation_r3018 ... ok
test js_dom_bridge::tests::test_detached_body_ns_fallback_s26_flip ... ok
test js_dom_bridge::tests::test_detached_document_traversal_r3016 ... ok
test js_dom_bridge::tests::test_detached_mutable_tree_r3017 ... ok
test js_dom_bridge::tests::test_dir_enumerated_getter_production_r3186 ... ok
test js_dom_bridge::tests::test_detached_document_event_surface_r112 ... ok
[PROBE-DEL] A:html=abcjkl,C:html=abcjkl,B:html=abcjkl
test js_dom_bridge::tests::test_dispatch_clears_stop_flags_for_redispatch_r146 ... ok
test js_dom_bridge::tests::test_delete_contents_cross_element_r3254_k3_probe ... ok
test js_dom_bridge::tests::test_detached_document_query_r3013 ... ok
test js_dom_bridge::tests::test_disabled_form_click_activation_r337 ... ok
test js_dom_bridge::tests::test_doc_win_dispatch_chain_slots_r40 ... ok
test js_dom_bridge::tests::test_document_cookie_r2786 ... ok
test js_dom_bridge::tests::test_document_collections_r2833 ... ok
test js_dom_bridge::tests::test_document_content_type_and_node_normalize_r2853 ... ok
test js_dom_bridge::tests::test_dispatch_event_entry_semantics_r106 ... ok
test js_dom_bridge::tests::test_document_create_event_r2802 ... ok
test js_dom_bridge::tests::test_document_dispatch_event_r3082 ... ok
test js_dom_bridge::tests::test_dom_exception_r2776 ... ok
test js_dom_bridge::tests::test_dom_implementation_doc_family_r130 ... ok
test js_dom_bridge::tests::test_element_attribute_names ... ok
test js_dom_bridge::tests::test_document_tree_walker_r2803 ... ok
test js_dom_bridge::tests::test_dom_view_stamp_drain_gen_r_baidu3 ... ok
test js_dom_bridge::tests::test_element_children_selectors ... ok
test js_dom_bridge::tests::test_dommatrix_matrix_math_r2989 ... ok
test js_dom_bridge::tests::test_element_contains ... ok
test js_dom_bridge::tests::test_dom_parser_r2790 ... ok
test js_dom_bridge::tests::test_dom_rect_constructors_r3319 ... ok
test js_dom_bridge::tests::test_element_animate_r2827 ... ok
test js_dom_bridge::tests::test_draggable_enumerated_auto_state_production_r3188 ... ok
test js_dom_bridge::tests::test_document_evaluate_xpath_edges_r2990 ... ok
test js_dom_bridge::tests::test_document_domain_getter ... ok
test js_dom_bridge::tests::test_element_animate_real_playback_r2965 ... ok
test js_dom_bridge::tests::test_element_matches_test_selector ... ok
test js_dom_bridge::tests::test_document_evaluate_xpath_r2981 ... ok
test js_dom_bridge::tests::test_document_title_setter_writeback_r3035 ... ok
test js_dom_bridge::tests::test_document_stylesheets_r2808 ... ok
test js_dom_bridge::tests::test_element_sibling_selectors ... ok
test js_dom_bridge::tests::test_enclosing_form_selector ... ok
test js_dom_bridge::tests::test_document_metadata_r2800 ... ok
test js_dom_bridge::tests::test_element_aria_r2807 ... ok
test js_dom_bridge::tests::test_element_get_animations_r3067 ... ok
test js_dom_bridge::tests::test_element_attributes_nodelist ... ok
test js_dom_bridge::tests::test_element_get_client_rects_r2828 ... ok
test js_dom_bridge::tests::test_element_local_name_r11 ... ok
test js_dom_bridge::tests::test_element_focus_active_element_r2801 ... ok
test js_dom_bridge::tests::test_element_gbcr_real_layout_rect_beats_text_registry_slice14 ... ok
test js_dom_bridge::tests::test_element_get_elements_by_r2980 ... ok
test js_dom_bridge::tests::test_element_check_visibility_r3074 ... ok
test js_dom_bridge::tests::test_element_reflected_props_r2805 ... ok
test js_dom_bridge::tests::test_element_reflected_props2_r2806 ... ok
test js_dom_bridge::tests::test_element_replace_children_r2822 ... ok
test js_dom_bridge::tests::test_esc_dialog_cancel_r3254_k3 ... ok
test js_dom_bridge::tests::test_element_sheet_cssstylesheet_r3036 ... ok
test js_dom_bridge::tests::test_ensuresubpath_clip_ellipse_r56e ... ok
test js_dom_bridge::tests::test_event_bubbling_stop_and_nonbubble ... ok
test js_dom_bridge::tests::test_event_cancel_bubble_mirror_r26 ... ok
test js_dom_bridge::tests::test_event_bubbling_to_ancestor ... ok
test js_dom_bridge::tests::test_event_constants_none_capturing_at_target_bubbling_r23 ... ok
test js_dom_bridge::tests::test_event_capture_phase ... ok
test js_dom_bridge::tests::test_event_capture_stop_propagation ... ok
test js_dom_bridge::tests::test_event_once_removed_before_invoke_r111 ... ok
test js_dom_bridge::tests::test_event_composed_path_r3244 ... ok
test js_dom_bridge::tests::test_event_listener_removed_during_dispatch_skipped_r111 ... ok
test js_dom_bridge::tests::test_event_phase_during_dispatch_r35 ... ok
test js_dom_bridge::tests::test_event_listener_handle_event_object_r27 ... ok
test js_dom_bridge::tests::test_event_listener_once ... ok
test js_dom_bridge::tests::test_event_return_value_mirror_r28 ... ok
test js_dom_bridge::tests::test_event_proto_methods_native_overlay_r138 ... ok
test js_dom_bridge::tests::test_event_subclass_init_props_inherit_parent_chain_r24 ... ok
test js_dom_bridge::tests::test_event_subclass_constructors_r109 ... ok
test js_dom_bridge::tests::test_event_subclasses2_r2812 ... ok
test js_dom_bridge::tests::test_event_subclasses_r2811 ... ok
test js_dom_bridge::tests::test_event_target_and_event_spec_r2779 ... ok
test js_dom_bridge::tests::test_event_timestamp_quantized_5us_r150 ... ok
test js_dom_bridge::tests::test_exec_command_and_select_r2826 ... ok
test js_dom_bridge::tests::test_eventtarget_object_listener_r139 ... ok
test js_dom_bridge::tests::test_eventtarget_dispatch_on_property_and_window_event_r114 ... ok
test js_dom_bridge::tests::test_expando_enumeration_r3046 ... ok
test js_dom_bridge::tests::test_expando_non_primitive_properties_r3042 ... ok
test js_dom_bridge::tests::test_execcommand_editing_host_events_r3254_m2 ... ok
test js_dom_bridge::tests::test_execcommand_toggle_state_r3254_m3_slice4 ... ok
test js_dom_bridge::tests::test_fetch_abort_signal_r3044 ... ok
test js_dom_bridge::tests::test_extract_contents_chardata_interval_r211 ... ok
test js_dom_bridge::tests::test_fetch_binary_body_byte_wire_r3020 ... ok
test js_dom_bridge::tests::test_execcommand_format_apply_r3254_m3 ... ok
test js_dom_bridge::tests::test_factory_attr_ns_gate_s26_flip ... ok
test js_dom_bridge::tests::test_find_all_selectors ... ok
test js_dom_bridge::tests::test_eventsource_r2961 ... ok
test js_dom_bridge::tests::test_fetch_appends_cross_origin_request_origin ... ok
test js_dom_bridge::tests::test_extract_collapse_offset_and_delete_chardata_r213 ... ok
test js_dom_bridge::tests::test_fetch_body_types_r3015 ... ok
test js_dom_bridge::tests::test_expando_primitive_properties_r3069 ... ok
test js_dom_bridge::tests::test_fetch_forbidden_headers_r3221_r3222 ... ok
test js_dom_bridge::tests::test_fetch_cross_origin_cors_requires_allow_origin_header ... ok
test js_dom_bridge::tests::test_fetch_filtered_response_type_matrix ... ok
test js_dom_bridge::tests::test_fetch_passes_request_credentials_to_host ... ok
test js_dom_bridge::tests::test_form_disabled_legend_exemption_r3066 ... ok
test js_dom_bridge::tests::test_fetch_no_cors_request_from_url_object_is_opaque ... ok
test js_dom_bridge::tests::test_fetch_response_binary_body_r3021 ... ok
test js_dom_bridge::tests::test_file_r2792 ... ok
test js_dom_bridge::tests::test_fetch_response_final_url_and_blob_mime_type ... ok
test js_dom_bridge::tests::test_form_get_submission_url_r3054 ... ok
test js_dom_bridge::tests::test_fontface_reflect_atfontface_r2950 ... ok
test js_dom_bridge::tests::test_form_post_submission_r3055 ... ok
test js_dom_bridge::tests::test_fill_rule_passthrough_r56c ... ok
test js_dom_bridge::tests::test_focus_ownership_and_related_target_r148 ... ok
test js_dom_bridge::tests::test_form_select_multiple_and_fieldset_disabled_r3056 ... ok
test js_dom_bridge::tests::test_fontface_set_events_r2947 ... ok
test js_dom_bridge::tests::test_focus_blur_events_r3247 ... ok
test js_dom_bridge::tests::test_form_data_r2788 ... ok
test js_dom_bridge::tests::test_file_reader_r2791 ... ok
test js_dom_bridge::tests::test_form_data_multipart_r3014 ... ok
test js_dom_bridge::tests::test_foreign_doc_text_characterdata_methods_r202 ... ok
test js_dom_bridge::tests::test_fontface_load_r2949 ... ok
test js_dom_bridge::tests::test_generation_cache_drain_sync_create_append ... ok
test js_dom_bridge::tests::test_form_elements_form_attr_three_state_t8f_revb ... ok
test js_dom_bridge::tests::test_generation_cache_drain_sync_matches_full_compute ... ok
test js_dom_bridge::tests::test_form_elements_iterable_image_exclusion_t8f_revb ... ok
test js_dom_bridge::tests::test_generation_cache_drain_sync_fallback_without_record ... ok
test js_dom_bridge::tests::test_generation_cache_incremental_attr_selector_restyle ... ok
test js_dom_bridge::tests::test_form_elements_live_dynamic_controls_t8f ... ok
test js_dom_bridge::tests::test_generation_cache_stale_record_falls_back_full_parse ... ok
test js_dom_bridge::tests::test_generation_cache_incremental_matches_full_compute ... ok
test js_dom_bridge::tests::test_generation_cache_select_option_falls_back_full_parse ... ok
test js_dom_bridge::tests::test_generation_cache_sync_recollects_stylesheets ... ok
test js_dom_bridge::tests::test_form_method_enctype_enumerated_production_r3202 ... ok
test js_dom_bridge::tests::test_form_elements_r2829 ... ok
test js_dom_bridge::tests::test_form_named_access_shadowing_t2pb1 ... ok
test js_dom_bridge::tests::test_get_computed_style_backdrop_filter_underline_offset_r2762 ... ok
test js_dom_bridge::tests::test_form_reflected_idl_attrs_r2839 ... ok
test js_dom_bridge::tests::test_get_computed_style_alignment_cluster ... ok
test js_dom_bridge::tests::test_get_computed_style_background_position ... ok
test js_dom_bridge::tests::test_get_computed_style_background_mask_image ... ok
test js_dom_bridge::tests::test_get_computed_style_background_shorthand_r2757 ... ok
test js_dom_bridge::tests::test_get_computed_style_background_attachment_clip_origin ... ok
test js_dom_bridge::tests::test_get_computed_style_background_size_repeat ... ok
test js_dom_bridge::tests::test_get_computed_style_border_image_source_gradient ... ok
test js_dom_bridge::tests::test_get_computed_style_border_image_shorthand_r2765 ... ok
test js_dom_bridge::tests::test_fullscreen_activation_and_steps_wab2m3s1 ... ok
test js_dom_bridge::tests::test_get_computed_style_border_radius_shorthand ... ok
test js_dom_bridge::tests::test_get_computed_style_caret_accent_color ... ok
test js_dom_bridge::tests::test_get_computed_style_border_image_longhands_r2764 ... ok
test js_dom_bridge::tests::test_get_computed_style_border_img_obj_pos_quotes ... ok
test js_dom_bridge::tests::test_form_reset_submit_methods_r3048 ... ok
test js_dom_bridge::tests::test_gamepad_event_constructor_r150 ... ok
test js_dom_bridge::tests::test_fragment_flatten_all_insertion_paths_e2e ... ok
test js_dom_bridge::tests::test_get_computed_style_box_text_shadow ... ok
test js_dom_bridge::tests::test_get_computed_style_containment ... ok
test js_dom_bridge::tests::test_get_computed_style_contain ... ok
test js_dom_bridge::tests::test_get_computed_style_clip_path ... ok
test js_dom_bridge::tests::test_get_computed_style_counter_actions ... ok
test js_dom_bridge::tests::test_get_computed_style_container_ui ... ok
test js_dom_bridge::tests::test_get_computed_style_flex_flow_shorthand ... ok
test js_dom_bridge::tests::test_get_computed_style_content ... ok
test js_dom_bridge::tests::test_fullscreen_api_r2938 ... ok
test js_dom_bridge::tests::test_get_computed_style_filter ... ok
test js_dom_bridge::tests::test_get_computed_style_flex_shorthand ... ok
test js_dom_bridge::tests::test_get_computed_style_gap_shorthand ... ok
test js_dom_bridge::tests::test_fullscreen_removal_exit_wab2m3s2 ... ok
test js_dom_bridge::tests::test_get_computed_style_font_weight_bolder_lighter ... ok
test js_dom_bridge::tests::test_get_computed_style_grid_template_shorthand_r2766 ... ok
test js_dom_bridge::tests::test_get_computed_style_composite ... ok
test js_dom_bridge::tests::test_get_computed_style_inset_shorthand_r2760 ... ok
test js_dom_bridge::tests::test_get_attribute_names_dataset_latest_wins_r3002 ... ok
test js_dom_bridge::tests::test_get_computed_style_font_shorthand_r2761 ... ok
test js_dom_bridge::tests::test_get_computed_style_grid_container ... ok
test js_dom_bridge::tests::test_form_submit_default_navigation_r_baidu5 ... ok
test js_dom_bridge::tests::test_get_computed_style_grid_tracks ... ok
test js_dom_bridge::tests::test_get_computed_style_linear_gradient ... ok
test js_dom_bridge::tests::test_get_computed_style_letter_spacing_normal_r2767 ... ok
test js_dom_bridge::tests::test_get_computed_style_margin_padding_shorthand ... ok
test js_dom_bridge::tests::test_get_computed_style_overflow_shorthand ... ok
test js_dom_bridge::tests::test_get_computed_style_numeric_special ... ok
test js_dom_bridge::tests::test_get_computed_style_cache_invalidation ... ok
test js_dom_bridge::tests::test_get_attribute_null_semantics_production_r3190 ... ok
test js_dom_bridge::tests::test_get_computed_style_lengths ... ok
test js_dom_bridge::tests::test_get_computed_style_outline_break ... ok
test js_dom_bridge::tests::test_get_computed_style_grid_lines_r2759 ... ok
test js_dom_bridge::tests::test_get_bounding_client_rect_returns_domrect_r3319 ... ok
test js_dom_bridge::tests::test_get_computed_style_outline_and_border_shorthands ... ok
test js_dom_bridge::tests::test_get_computed_style_colors ... ok
test js_dom_bridge::tests::test_get_computed_style_misc_ui ... ok
test js_dom_bridge::tests::test_get_computed_style_scroll_mask ... ok
test js_dom_bridge::tests::test_get_computed_style_transform ... ok
test js_dom_bridge::tests::test_get_computed_style_place_shorthands_r2758 ... ok
test js_dom_bridge::tests::test_get_computed_style_text_decoration_longhands ... ok
test js_dom_bridge::tests::test_get_computed_style_transform_origin ... ok
test js_dom_bridge::tests::test_get_computed_style_table_list_font ... ok
test js_dom_bridge::tests::test_get_computed_style_video_intrinsic_sizes_m3xxxvii ... ok
test js_dom_bridge::tests::test_get_computed_style_transform_family ... ok
test js_dom_bridge::tests::test_get_computed_style_display_position_visibility_opacity ... ok
test js_dom_bridge::tests::test_get_computed_style_dynamic_inline_r3030 ... ok
test js_dom_bridge::tests::test_get_computed_style_multicol_fontvar_img ... ok
test js_dom_bridge::tests::test_get_computed_style_text_emphasis_r2763 ... ok
test js_dom_bridge::tests::test_get_computed_style_radial_conic_gradient ... ok
test js_dom_bridge::tests::test_get_computed_style_will_change ... ok
test js_dom_bridge::tests::test_get_computed_style_text_break_cluster ... ok
test js_dom_bridge::tests::test_get_computed_style_va_bidi_empty ... ok
test js_dom_bridge::tests::test_get_computed_style_timing_function ... ok
test js_dom_bridge::tests::test_get_computed_style_keywords ... ok
test js_dom_bridge::tests::test_get_computed_style_transition_animation_shorthand_r2756 ... ok
test js_dom_bridge::tests::test_get_computed_style_per_selector_cache_drain_collision ... ok
test js_dom_bridge::tests::test_get_computed_style_transition_animation ... ok
test js_dom_bridge::tests::test_get_computed_style_shorthands_r2755 ... ok
test js_dom_bridge::tests::test_get_root_node_generic_r136 ... ok
test js_dom_bridge::tests::test_handle_event_not_callable_reports_typeerror_r113 ... ok
test js_dom_bridge::tests::test_getelementsbyclassname_sel_live_collection_r357 ... ok
test js_dom_bridge::tests::test_handle_style_sync_set_read_production_r3199 ... ok
test js_dom_bridge::tests::test_handle_attributes_and_clone_production_r3198 ... ok
test js_dom_bridge::tests::test_handle_create_tag_cross_execute_t8f ... ok
test js_dom_bridge::tests::test_get_elements_by_tag_name_family_r120 ... ok
test js_dom_bridge::tests::test_get_element_by_id_dynamic_id_r125 ... ok
test js_dom_bridge::tests::test_handle_outerhtml_production_r3201 ... ok
test js_dom_bridge::tests::test_handle_remove_attribute_true_removal_r2993 ... ok
test js_dom_bridge::tests::test_headers_r2794 ... ok
test js_dom_bridge::tests::test_global_reflected_attrs_sel_lw_production_r3204 ... ok
test js_dom_bridge::tests::test_hash_scroll_to_anchor_r3061 ... ok
test js_dom_bridge::tests::test_handle_attribute_enumeration_production_r3197 ... ok
test js_dom_bridge::tests::test_history_back_forward_cross_hash_scroll_r3065 ... ok
test js_dom_bridge::tests::test_history_go_out_of_range_noop_r3004 ... ok
test js_dom_bridge::tests::test_history_pushstate_r2814 ... ok
test js_dom_bridge::tests::test_history_reset_on_navigation_r3059 ... ok
test js_dom_bridge::tests::test_html_dialog_element_api_r3290 ... ok
test js_dom_bridge::tests::test_html_table_delete_row_and_section_r3243 ... ok
test js_dom_bridge::tests::test_htmlcollection_indexed_named_props_r43 ... ok
test js_dom_bridge::tests::test_htmlcollection_nameditem_empty_and_children_is_htmlcollection_r38 ... ok
test js_dom_bridge::tests::test_html_table_insert_row_r3243 ... ok
test js_dom_bridge::tests::test_html_element_subclass_instanceof_r11 ... ok
test js_dom_bridge::tests::test_htmlcollection_nodelist_item_nameditem_r3033 ... ok
test js_dom_bridge::tests::test_identity_stamp_plain_child_adoption_r368 ... ok
test js_dom_bridge::tests::test_iframe_content_document_r115 ... ok
test js_dom_bridge::tests::test_htmlcollection_proxy_semantics_r50 ... ok
test js_dom_bridge::tests::test_html_tr_cells_mutation_and_index_error_r3243 ... ok
test js_dom_bridge::tests::test_iframe_content_window_fetch_resolves_against_iframe_url ... ok
test js_dom_bridge::tests::test_iframe_content_window_cache_add_uses_iframe_fetch_context ... ok
test js_dom_bridge::tests::test_iframe_content_window_post_message_transfers_ports ... ok
test js_dom_bridge::tests::test_iframe_doc_query_cache_invalidation_r208 ... ok
test js_dom_bridge::tests::test_iframe_document_referrer_uses_parent_page_url ... ok
test js_dom_bridge::tests::test_iframe_docelement_in_doctree_r216 ... ok
test js_dom_bridge::tests::test_iframe_factory_mutation_face_r207 ... ok
test js_dom_bridge::tests::test_iframe_inline_script_function_is_exposed_on_content_window ... ok
test js_dom_bridge::tests::test_iframe_factory_element_compound_qsa_r359 ... ok
test js_dom_bridge::tests::test_iframe_final_url_header_r360 ... ok
test js_dom_bridge::tests::test_iframe_inner_body_connected_chain_r369 ... ok
test js_dom_bridge::tests::test_iframe_factory_element_collections_r356 ... ok
test js_dom_bridge::tests::test_iframe_history_pushstate_updates_fetch_base_url ... ok
test js_dom_bridge::tests::test_iframe_docelement_structure_r214 ... ok
test js_dom_bridge::tests::test_iframe_inline_script_xhr_uses_iframe_window_location ... ok
test js_dom_bridge::tests::test_iframe_sandbox_without_same_origin_denies_cache_storage ... ok
test js_dom_bridge::tests::test_iframe_service_worker_container_constructor_brand ... ok
test js_dom_bridge::tests::test_iframe_realm_timer_surface_r356 ... ok
test js_dom_bridge::tests::test_iframe_service_worker_controller_identity_is_stable ... ok
test js_dom_bridge::tests::test_iframe_service_worker_controller_post_message_transfers_object_port ... ok
test js_dom_bridge::tests::test_iframe_service_worker_message_poll_refreshes_controller ... ok
test js_dom_bridge::tests::test_image_data_constructor_r3297 ... ok
test js_dom_bridge::tests::test_indexeddb_close_during_upgrade_finishes_transaction_then_errors_open ... ok
test js_dom_bridge::tests::test_iframe_load_can_post_message_to_parent_window ... ok
test js_dom_bridge::tests::test_import_node_spec_semantics_r132 ... ok
test js_dom_bridge::tests::test_image_constructor_r2834 ... ok
test js_dom_bridge::tests::test_img_element_events_r2943 ... ok
test js_dom_bridge::tests::test_iframe_service_worker_messages_dispatch_to_iframe_container ... ok
test js_dom_bridge::tests::test_img_dimension_idl_width_height_natural_r2851 ... ok
test js_dom_bridge::tests::test_indexeddb_cmp_key_order_and_validation ... ok
test js_dom_bridge::tests::test_indexeddb_cursor_stepping_guards_and_compound_keys ... ok
test js_dom_bridge::tests::test_iframe_testnodes_method_face_r209 ... ok
test js_dom_bridge::tests::test_indexeddb_detached_binary_keys_throw_data_error ... ok
test js_dom_bridge::tests::test_indexeddb_delete_database_host_error_settles_request_and_keeps_queue_alive ... ok
test js_dom_bridge::tests::test_indexeddb_deferred_operations_wait_for_transaction_start ... ok
test js_dom_bridge::tests::test_indexeddb_blocked_upgrade_waits_for_connection_close ... ok
test js_dom_bridge::tests::test_indexeddb_get_all_options_records_and_count_conversion ... ok
test js_dom_bridge::tests::test_indexeddb_get_key_and_cursor_mutations ... ok
test js_dom_bridge::tests::test_indexeddb_key_range_conversion_edges ... ok
test js_dom_bridge::tests::test_indexeddb_in_memory_surface_r3081 ... ok
test js_dom_bridge::tests::test_indexeddb_index_queries_and_lifecycle ... ok
test js_dom_bridge::tests::test_indexeddb_index_metadata_and_failed_upgrade_error ... ok
test js_dom_bridge::tests::test_indexeddb_keypath_extraction_edge_cases ... ok
test js_dom_bridge::tests::test_indexeddb_key_range_queries ... ok
test js_dom_bridge::tests::test_indexeddb_metadata_tasks_and_utf16_name_wire ... ok
test js_dom_bridge::tests::test_indexeddb_listener_exception_aborts_uncommitted_transaction ... ok
test js_dom_bridge::tests::test_indexeddb_open_version_webidl_conversion ... ok
test js_dom_bridge::tests::test_indexeddb_object_store_get_all_queries ... ok
test js_dom_bridge::tests::test_indexeddb_object_store_lifecycle_guards ... ok
test js_dom_bridge::tests::test_indexeddb_object_store_cursor_continuation ... ok
test js_dom_bridge::tests::test_indexeddb_object_store_constraint_errors ... ok
test js_dom_bridge::tests::test_indexeddb_object_store_key_constraints_and_generation ... ok
test js_dom_bridge::tests::test_indexeddb_schema_rename_identity_and_abort_restore ... ok
test js_dom_bridge::tests::test_indexeddb_request_event_target_surface ... ok
test js_dom_bridge::tests::test_indexeddb_transaction_exception_order ... ok
test js_dom_bridge::tests::test_indexeddb_transactions_schedule_across_connections ... ok
test js_dom_bridge::tests::test_indexeddb_version_lifecycle_and_events ... ok
test js_dom_bridge::tests::test_indexeddb_versionchange_transaction_commit_and_abort ... ok
test js_dom_bridge::tests::test_inner_html_null_clears_production_r3184 ... ok
test js_dom_bridge::tests::test_inline_handler_unscopable_full_family_r152 ... ok
test js_dom_bridge::tests::test_insert_adjacent_html_position_case_insensitive_r3207 ... ok
test js_dom_bridge::tests::test_inner_html_child_list_emission_r3029 ... ok
test js_dom_bridge::tests::test_init_while_dispatching_and_legacy_init_family_r110 ... ok
test js_dom_bridge::tests::test_input_files_filelist_r2830 ... ok
test js_dom_bridge::tests::test_input_form_owner_r2841 ... ok
test js_dom_bridge::tests::test_input_indeterminate_r2831 ... ok
test js_dom_bridge::tests::test_input_button_type_enumerated_production_r3189 ... ok
test js_dom_bridge::tests::test_input_set_range_text_r3245 ... ok
test js_dom_bridge::tests::test_input_value_as_date_r3317 ... ok
test js_dom_bridge::tests::test_insert_adjacent_element_validation_r133 ... ok
test js_dom_bridge::tests::test_input_value_as_number_r2836 ... ok
test js_dom_bridge::tests::test_is_checkbox ... ok
test js_dom_bridge::tests::test_input_value_defaultvalue_independence_r2996 ... ok
test js_dom_bridge::tests::test_is_reset_button_r3050 ... ok
test js_dom_bridge::tests::test_insert_adjacent_html_e2e ... ok
test js_dom_bridge::tests::test_is_text_input ... ok
test js_dom_bridge::tests::test_is_submit_button ... ok
test js_dom_bridge::tests::test_input_step_up_down_r3317 ... ok
test js_dom_bridge::tests::test_insert_adjacent_html_fusion_view_r3254_k3 ... ok
test js_dom_bridge::tests::test_insert_before_fallback_no_prototype_appendchild_loop_pb3 ... ok
test js_dom_bridge::tests::test_insert_adjacent_text_and_element_e2e ... ok
test js_dom_bridge::tests::test_insert_before_fragment_flatten_e2e ... ok
test js_dom_bridge::tests::test_insert_html_r3254_m3_slice6 ... ok
test js_dom_bridge::tests::test_insert_node_document_position_rules_r217 ... ok
test js_dom_bridge::tests::test_intersection_observer_root_margin_r2966 ... ok
test js_dom_bridge::tests::test_insert_node_pre_insertion_validity_r215 ... ok
test js_dom_bridge::tests::test_instanceof_prototype_chain_r10 ... ok
test js_dom_bridge::tests::test_io_cross_threshold_host_tick_r3062 ... ok
test js_dom_bridge::tests::test_interval_rearm_stops_on_clear_from_within_callback_p20 ... ok
test js_dom_bridge::tests::test_js_focus_emits_focus_changed_mutation ... ok
test js_dom_bridge::tests::test_js_cross_document_navigation_r3058 ... ok
test js_dom_bridge::tests::test_insert_paragraph_split_r3254_m3_slice5 ... ok
test js_dom_bridge::tests::test_is_equal_node_spec_fields_r131 ... ok
test js_dom_bridge::tests::test_isequalnode_r2819 ... ok
test js_dom_bridge::tests::test_listener_dedup_and_window_on_family_r143 ... ok
test js_dom_bridge::tests::test_layout_geometry_e2e ... ok
test js_dom_bridge::tests::test_label_span_click_forward_r155 ... ok
test js_dom_bridge::tests::test_link_script_element_events_r2944 ... ok
test js_dom_bridge::tests::test_location_read_spec_r2784 ... ok
test js_dom_bridge::tests::test_location_hash_setter_hashchange_r3006 ... ok
test js_dom_bridge::tests::test_live_childnodes_r140 ... ok
test js_dom_bridge::tests::test_location_reflects_pushstate_replacestate_r3005 ... ok
test js_dom_bridge::tests::test_location_assign_replace_reload_r3009 ... ok
test js_dom_bridge::tests::test_location_part_setters_r3008 ... ok
test js_dom_bridge::tests::test_live_query_doc_read_path_r102 ... ok
test js_dom_bridge::tests::test_match_media_r2781 ... ok
test js_dom_bridge::tests::test_match_media_change_event_r3255 ... ok
test js_dom_bridge::tests::test_lookup_namespace_uri_family_r152 ... ok
test js_dom_bridge::tests::test_matches_ns_and_unscopables_r134 ... ok
test js_dom_bridge::tests::test_media_bridge_playpath_m2a_5b ... ok
test js_dom_bridge::tests::test_media_controls_list_r393 ... ok
test js_dom_bridge::tests::test_media_can_play_type_capability_table_m4gd ... ok
test js_dom_bridge::tests::test_media_detached_document_play_face_m3xxxiv ... ok
test js_dom_bridge::tests::test_media_load_event_sequence_r389 ... ok
test js_dom_bridge::tests::test_media_playback_rate_non_finite_r394 ... ok
test js_dom_bridge::tests::test_media_preload_setter_roundtrip_r395 ... ok
test js_dom_bridge::tests::test_media_duration_truth_injection_m2a ... ok
test js_dom_bridge::tests::test_merge_style_property ... ok
test js_dom_bridge::tests::test_media_metadata_idl_face_r388 ... ok
test js_dom_bridge::tests::test_media_pause_on_removal_m3b7 ... ok
test js_dom_bridge::tests::test_media_play_pending_and_removal_abort_m3x14 ... ok
test js_dom_bridge::tests::test_media_load_invoke_reset_face_m3xxiii ... ok
test js_dom_bridge::tests::test_media_preserves_pitch_idl_face_m3lvi ... ok
test js_dom_bridge::tests::test_media_resource_selection_m3xi ... ok
test js_dom_bridge::tests::test_media_source_child_and_error_code_r391 ... ok
test js_dom_bridge::tests::test_media_texttrack_list_change_broadcast_m3xxi ... ok
test js_dom_bridge::tests::test_media_track_texttracks_sync_m3x ... ok
test js_dom_bridge::tests::test_media_video_width_height_truth_m2a ... ok
test js_dom_bridge::tests::test_mel_dispatch_event_target_r146 ... ok
test js_dom_bridge::tests::test_message_channel_r2782 ... ok
test js_dom_bridge::tests::test_media_volume_muted_semantics_r392 ... ok
test js_dom_bridge::tests::test_mo_native_notify_entry_m2_s1 ... ok
test js_dom_bridge::tests::test_mouse_event_layer_xy_reflection_tail37 ... ok
test js_dom_bridge::tests::test_mel_chain_dispatch_phases_r167 ... ok
test js_dom_bridge::tests::test_media_text_track_cue_face_m3xii ... ok
test js_dom_bridge::tests::test_modifier_key_dispatch_r3254_k2_slice3 ... ok
test js_dom_bridge::tests::test_modern_interaction_stubs_r2817 ... ok
test js_dom_bridge::tests::test_mo_parse_based_added_nodes_r3031 ... ok
test js_dom_bridge::tests::test_mouse_event_offset_xy_dispatch_computed_r150 ... ok
test js_dom_bridge::tests::test_mutation_observer_attr_filter_and_old_value_r3025 ... ok
test js_dom_bridge::tests::test_mutation_observer_character_data_r3027 ... ok
test js_dom_bridge::tests::test_mutation_observer_childlist_fragment_r47 ... ok
test js_dom_bridge::tests::test_mutation_observer_id_chain_and_oldvalue_r45 ... ok
test js_dom_bridge::tests::test_mo_observe_options_and_textcontent_records_r49 ... ok
test js_dom_bridge::tests::test_mutation_observer_parent_cache_native_write ... ok
test js_dom_bridge::tests::test_next_focus_selector ... ok
test js_dom_bridge::tests::test_next_focus_selector_returns_unique_for_same_tag_inputs ... ok
test js_dom_bridge::tests::test_mutation_observer_parent_cache_reparent ... ok
test js_dom_bridge::tests::test_namednodemap_setnameditem_mutable_tree_r3022 ... ok
test js_dom_bridge::tests::test_mutation_observer_subtree_r3026 ... ok
test js_dom_bridge::tests::test_name_validation_spec_regex_r135 ... ok
test js_dom_bridge::tests::test_namednodemap_setnameditem_main_dom_r3022 ... ok
test js_dom_bridge::tests::test_mutation_record_instanceof_spec_fields_r2847 ... ok
test js_dom_bridge::tests::test_namednodemap_own_enumeration_r44 ... ok
test js_dom_bridge::tests::test_mutation_observer_parent_cache_snapshot_swap ... ok
test js_dom_bridge::tests::test_native_ce_entry_domain_routing_r367 ... ok
test js_dom_bridge::tests::test_navigator_env_info_r2988 ... ok
test js_dom_bridge::tests::test_navigator_geolocation_r2820 ... ok
test js_dom_bridge::tests::test_mutation_observer_ns_and_no_mutation_r46 ... ok
test js_dom_bridge::tests::test_node_bridge_api_semantics_r166 ... ok
test js_dom_bridge::tests::test_navigator_service_worker_register_r3318 ... ok
test js_dom_bridge::tests::test_navigator_service_worker_query_and_unregister_r3318 ... ok
test js_dom_bridge::tests::test_offscreen_canvas_resize_touches_host_c5 ... ok
test js_dom_bridge::tests::test_node_bridge_fragment_real_nodes_r166 ... ok
test js_dom_bridge::tests::test_node_bridge_registers_muttree_nodes_r166 ... ok
test js_dom_bridge::tests::test_node_level_traversal_e2e ... ok
test js_dom_bridge::tests::test_object_prototype_methods_reachable_on_element_r96 ... ok
test js_dom_bridge::tests::test_media_http_vtt_loading_m3xv ... ok
test js_dom_bridge::tests::test_node_is_connected_and_has_child_nodes_r2922 ... ok
test js_dom_bridge::tests::test_normalize_childlist_mo_records_r332 ... ok
test js_dom_bridge::tests::test_node_relation_implementation_r2815 ... ok
test js_dom_bridge::tests::test_opfs_directory_and_remove_r3314 ... ok
test js_dom_bridge::tests::test_offscreen_canvas_main_thread_r3312 ... ok
test js_dom_bridge::tests::test_parent_selector_for_nested ... ok
test js_dom_bridge::tests::test_parse_html_query_path_field_r112 ... ok
test js_dom_bridge::tests::test_opfs_estimate_real_usage_m3 ... ok
test js_dom_bridge::tests::test_opfs_stream_after_close_and_unique_id_m3 ... ok
test js_dom_bridge::tests::test_opfs_writable_data_integrity_c2c3c4 ... ok
test js_dom_bridge::tests::test_opfs_writable_seek_truncate_r3315 ... ok
test js_dom_bridge::tests::test_opfs_write_read_roundtrip_r3314 ... ok
test js_dom_bridge::tests::test_opt_capture_webidl_boolean_r146 ... ok
test js_dom_bridge::tests::test_page_visibility_and_focus_r2824 ... ok
test js_dom_bridge::tests::test_option_constructor_and_select_add_r2832 ... ok
test js_dom_bridge::tests::test_option_index_r2849 ... ok
test js_dom_bridge::tests::test_parent_node_nested_e2e ... ok
test js_dom_bridge::tests::test_option_selected_getter_latest_wins_r2999 ... ok
test js_dom_bridge::tests::test_outer_html_e2e ... ok
test js_dom_bridge::tests::test_page_lifecycle_load_r2941 ... ok
test js_dom_bridge::tests::test_parsed_text_characterdata_r48 ... ok
test js_dom_bridge::tests::test_output_value_default_value_r2846 ... ok
test js_dom_bridge::tests::test_outer_html_null_removes_production_r3184 ... ok
test js_dom_bridge::tests::test_parsed_ce_attr_changed_old_value_sel_lw_production_r3205 ... ok
test js_dom_bridge::tests::test_parsed_characterdata_node_mutable_methods_pb3 ... ok
test js_dom_bridge::tests::test_parsed_characterdata_same_parent_multi_remove_shift_s24 ... ok
test js_dom_bridge::tests::test_passive_by_default_r105 ... ok
test js_dom_bridge::tests::test_parsed_characterdata_remove_child_s24 ... ok
test js_dom_bridge::tests::test_performance_mark_measure_observer_r2821 ... ok
test js_dom_bridge::tests::test_per_realm_ce_registry_r364 ... ok
test js_dom_bridge::tests::test_performance_now_e2e ... ok
test js_dom_bridge::tests::test_permissions_query_request_change_security_hardening_m4 ... ok
test js_dom_bridge::tests::test_plain_parsed_get_attribute_node_ns_no_prefix_null_s24_flip ... ok
test js_dom_bridge::tests::test_pi_attribute_layer_r123 ... ok
test js_dom_bridge::tests::test_pointer_capture_api_r3068 ... ok
test js_dom_bridge::tests::test_query_all_selector_list_unique ... ok
test js_dom_bridge::tests::test_query_all_tagged_list_ns_fields ... ok
test js_dom_bridge::tests::test_plain_parsed_get_attribute_node_s24 ... ok
test js_dom_bridge::tests::test_query_in_subtree_scoping ... ok
test js_dom_bridge::tests::test_query_outer_html_serialization ... ok
test js_dom_bridge::tests::test_pointer_lock_api_r2939 ... ok
test js_dom_bridge::tests::test_query_tag_from_mutations ... ok
test js_dom_bridge::tests::test_pointer_click_carries_coordinates_tail38 ... ok
test js_dom_bridge::tests::test_prefixed_animation_handler_alias_r113 ... ok
test js_dom_bridge::tests::test_popover_target_idl_r3073 ... ok
test js_dom_bridge::tests::test_popover_api_r3071 ... ok
test js_dom_bridge::tests::test_prepend_detached_noop_e2e ... ok
test js_dom_bridge::tests::test_prefix_and_get_elements_by_tag_name_ns_r12 ... ok
test js_dom_bridge::tests::test_popover_target_activation_r3072 ... ok
test js_dom_bridge::tests::test_prepend_order_e2e ... ok
test js_dom_bridge::tests::test_prepend_replace_children_handle_paths_r119 ... ok
test js_dom_bridge::tests::test_promise_any_all_settled_native_r2787 ... ok
test js_dom_bridge::tests::test_preset_stop_flag_zero_dispatch_r39 ... ok
test js_dom_bridge::tests::test_promise_rejection_event_ctor_r_baidu_storm ... ok
test js_dom_bridge::tests::test_proxy_ns_qname_fallback_cross_ns_s26_flip ... ok
test js_dom_bridge::tests::test_query_command_reflect_r3254_m3_slice3 ... ok
test js_dom_bridge::tests::test_query_unification_doc_getelementby_id_r167 ... ok
test js_dom_bridge::tests::test_query_selector_css_escapes_r118 ... ok
test js_dom_bridge::tests::test_raf_frame_driven_cancel ... ok
test js_dom_bridge::tests::test_queue_microtask_r2774 ... ok
test js_dom_bridge::tests::test_queue_microtask_site_promise_replacement_r_baidu_storm ... ok
test js_dom_bridge::tests::test_query_view_doc_drain_exact_count_collision_r_baidu3 ... ok
test js_dom_bridge::tests::test_query_view_doc_drain_regrowth_gen_r_baidu3 ... ok
test js_dom_bridge::tests::test_raf_frame_driven_on_path ... ok
test js_dom_bridge::tests::test_raf_sync_stub_off_path ... ok
test js_dom_bridge::tests::test_query_view_doc_inplace_snapshot_swap_gen_r358 ... ok
test js_dom_bridge::tests::test_radio_arrow_navigation_r3254_k5 ... ok
test js_dom_bridge::tests::test_range_apis_r42 ... ok
test js_dom_bridge::tests::test_remove_attr_and_has_attribute ... ok
test js_dom_bridge::tests::test_range_cbp_how_constants_direction_r204 ... ok
test js_dom_bridge::tests::test_readable_stream_r2967 ... ok
test js_dom_bridge::tests::test_range_set_start_end_crossing_r203 ... ok
test js_dom_bridge::tests::test_range_point_queries_bptree_r205 ... ok
test js_dom_bridge::tests::test_readable_stream_tee_r2971 ... ok
test js_dom_bridge::tests::test_query_view_doc_incremental_equivalence_r_baidu3 ... ok
test js_dom_bridge::tests::test_reflected_idl_htmlfor_defaultvalue_r2840 ... ok
test js_dom_bridge::tests::test_reflected_string_attr_reads_r3037 ... ok
test js_dom_bridge::tests::test_reflected_size_element_aware_r3043 ... ok
test js_dom_bridge::tests::test_reflected_global_attrs_inert_autocomplete_r2850 ... ok
test js_dom_bridge::tests::test_reflected_bool_attrs_expanded_r3040 ... ok
test js_dom_bridge::tests::test_reflected_string_attrs_null_empty_production_r3185 ... ok
test js_dom_bridge::tests::test_reflected_global_attrs_autofocus_draggable_spellcheck_translate_r2848 ... ok
test js_dom_bridge::tests::test_reflected_uint_bool_reads_r3038 ... ok
test js_dom_bridge::tests::test_remove_attribute_truly_removes ... ok
test js_dom_bridge::tests::test_reflected_uint_cols_rows_start_r3041 ... ok
test js_dom_bridge::tests::test_remove_event_listener_capture_aware ... ok
test js_dom_bridge::tests::test_replace_child_e2e ... ok
test js_dom_bridge::tests::test_remove_child_not_found_validation_r126 ... ok
test js_dom_bridge::tests::test_request_idle_callback_e2e ... ok
test js_dom_bridge::tests::test_script_call_form_reset_r3050 ... ok
test js_dom_bridge::tests::test_request_headers_guard_r3223 ... ok
test js_dom_bridge::tests::test_script_call_set_location_hash_r3053 ... ok
test js_dom_bridge::tests::test_script_dispatch_native_event_r3124 ... ok
test js_dom_bridge::tests::test_replace_child_validation_and_semantics_r127 ... ok
test js_dom_bridge::tests::test_request_body_readers_r2982 ... ok
test js_dom_bridge::tests::test_replace_with_e2e ... ok
test js_dom_bridge::tests::test_request_null_body_text_does_not_mark_body_used ... ok
test js_dom_bridge::tests::test_response_body_used_redirect_and_blob_formdata_cache_put_support ... ok
test js_dom_bridge::tests::test_request_submit_interactive_validation_fv_m2 ... ok
test js_dom_bridge::tests::test_request_signal_passthrough_r3045 ... ok
test js_dom_bridge::tests::test_response_body_readable_stream_r2967 ... ok
test js_dom_bridge::tests::test_response_request_constructors_r2968 ... ok
test js_dom_bridge::tests::test_select_value_read ... ok
test js_dom_bridge::tests::test_ro_size_change_host_tick_r3063 ... ok
test js_dom_bridge::tests::test_round_rect_nonfinite_and_dompoint_nan_r56 ... ok
test js_dom_bridge::tests::test_sanitize_dompurify_style_r3018 ... ok
test js_dom_bridge::tests::test_scroll_into_view_if_needed_r3075 ... ok
test js_dom_bridge::tests::test_scroll_event_dispatch_r3051 ... ok
[PROBE] forms after 2x apply = 2
[PROBE] forms after 1x apply = 1
[PROBE] once = <html><head></head><body><iframe name="f0"></iframe><form action="about:blank"><input name="text" value="abc"><input name="submitButton" type="submit"></form><div id="log"></div></body></html>
[PROBE] twice = <html><head></head><body><iframe name="f0"></iframe><form action="about:blank"><input name="text" value="abc"><input name="submitButton" type="submit"></form><iframe name="f0"></iframe><form action="about:blank"><input name="text" value="abc"><input name="submitButton" type="submit"></form><div id="log"></div></body></html>
test js_dom_bridge::tests::test_serialization_form_roundtrip_r3254_k3_probe ... ok
test js_dom_bridge::tests::test_scroll_into_view_r3060 ... ok
test js_dom_bridge::tests::test_set_outer_html_root_element_errors_r3208 ... ok
test js_dom_bridge::tests::test_scroll_into_view_observable_r3254_kp4 ... ok
test js_dom_bridge::tests::test_set_selected_option_html ... ok
test js_dom_bridge::tests::test_sanitize_dompurify_real_r3019 ... ok
test js_dom_bridge::tests::test_set_url_part_rust_r2780 ... ok
test js_dom_bridge::tests::test_sel_based_attr_latest_wins_r2995 ... ok
test js_dom_bridge::tests::test_select_value_programmatic_reflection_r3000 ... ok
test js_dom_bridge::tests::test_sel_child_move_mo_records_r334 ... ok
test js_dom_bridge::tests::test_scroll_key_default_r3254_kp5 ... ok
test js_dom_bridge::tests::test_shim_not_empty ... ok
test js_dom_bridge::tests::test_resize_observer_content_border_box_r2972 ... ok
test js_dom_bridge::tests::test_select_key_navigation_r3254_k5 ... ok
test js_dom_bridge::tests::test_scroll_position_tracking_r3047 ... ok
test js_dom_bridge::tests::test_sibling_nodes_json_across_text ... ok
test js_dom_bridge::tests::test_shim_includes_runtime_stubs ... ok
test js_dom_bridge::tests::test_structural_path_resolves_to_correct_node ... ok
test js_dom_bridge::tests::test_shim_includes_modern_reftest_stubs ... ok
test js_dom_bridge::tests::test_selection_range_r2804 ... ok
test js_dom_bridge::tests::test_selectionchange_dispatch_r3254_m1_slice3 ... ok
test js_dom_bridge::tests::test_service_worker_post_message_routes_canvas_track_to_messageerror ... ok
test js_dom_bridge::tests::test_selectionchange_textcontrol_full_semantics_r3254_e2_slice12 ... ok
test js_dom_bridge::tests::test_selection_surface_r3254_m1 ... ok
test js_dom_bridge::tests::test_shim_async_resolve_callback_e2e ... ok
test js_dom_bridge::tests::test_selection_direction_r3254_m1_slice2 ... ok
test js_dom_bridge::tests::test_structured_clone_r2773 ... ok
test js_dom_bridge::tests::test_streams_backpressure_r3010 ... ok
test js_dom_bridge::tests::test_shadowroot_prototype_innerhtml_node_document_r366 ... ok
test js_dom_bridge::tests::test_shim_plain_mid_remove_no_handle_ghost_t7 ... ok
test js_dom_bridge::tests::test_shim_plain_parent_append_host_visible_t7 ... ok
test js_dom_bridge::tests::test_shim_innerhtml_leading_ws_path_align_t7 ... ok
test js_dom_bridge::tests::test_style_duplicate_prop_last_wins_r3213 ... ok
test js_dom_bridge::tests::test_style_camel_to_kebab ... ok
test js_dom_bridge::tests::test_style_remove_property ... ok
test js_dom_bridge::tests::test_style_priority_important_cssom_production_r3193 ... ok
test js_dom_bridge::tests::test_style_set_empty_value_removes_r3211 ... ok
test js_dom_bridge::tests::test_style_proxy_methods ... ok
test js_dom_bridge::tests::test_shim_plain_parent_remove_host_sync_t7 ... ok
test js_dom_bridge::tests::test_style_sheet_from_handle_style_element_r113 ... ok
test js_dom_bridge::tests::test_style_sync_set_read_latest_wins_production_r3194 ... ok
test js_dom_bridge::tests::test_stylesheet_add_rule_remove_rule_r3276 ... ok
test js_dom_bridge::tests::test_style_webkit_prefix_property_normalized_with_leading_hyphen ... ok
test js_dom_bridge::tests::test_stylesheets_rule_style_r2810 ... ok
test js_dom_bridge::tests::test_stylesheets_write_r2809 ... ok
test js_dom_bridge::tests::test_submit_event_submitter_r2984 ... ok
test js_dom_bridge::tests::test_svg_classname_animated_string_pb3 ... ok
test js_dom_bridge::tests::test_surround_invalid_state_and_step_order_r210 ... ok
test js_dom_bridge::tests::test_set_remove_attr_syncs_cache ... ok
test js_dom_bridge::tests::test_t8g_r91_backlink_cleanup_after_remove ... ok
test js_dom_bridge::tests::test_table_caption_thead_tfoot_section_rows_r2845 ... ok
test js_dom_bridge::tests::test_table_row_cell_index_r2842 ... ok
test js_dom_bridge::tests::test_table_section_index_and_collections_r2843 ... ok
test js_dom_bridge::tests::test_synthetic_click_pre_activation_r108 ... ok
test js_dom_bridge::tests::test_template_content_parent_node_apis_r151 ... ok
test js_dom_bridge::tests::test_template_clone_checkbox_activation_r155 ... ok
test js_dom_bridge::tests::test_text_comment_constructors_and_surrogates_r121 ... ok
test js_dom_bridge::tests::test_surround_chardata_path_r212 ... ok
test js_dom_bridge::tests::test_text_content_null_clears_production_r3184 ... ok
test js_dom_bridge::tests::test_text_content_undefined_is_string_production_r3184 ... ok
test js_dom_bridge::tests::test_toggle_radio_html ... ok
test js_dom_bridge::tests::test_tag_name_real_not_div_heuristic ... ok
test js_dom_bridge::tests::test_t8g_window_named_properties_intact ... ok
test js_dom_bridge::tests::test_text_encoder_decoder_utf8_r2771 ... ok
test js_dom_bridge::tests::test_text_decoder_legacy_labels_encoding_compat_m2 ... ok
test js_dom_bridge::tests::test_text_node_data_setter_persist_char_r3034 ... ok
test js_dom_bridge::tests::test_timer_clear_interchange_stops_both_families_dn1 ... ok
test js_dom_bridge::tests::test_text_control_selection_r2844 ... ok
test js_dom_bridge::tests::test_text_decoder_streaming_r3012 ... ok
test js_dom_bridge::tests::test_toggle_attribute ... ok
test js_dom_bridge::tests::test_text_encoder_decoder_stream_r2970 ... ok
test js_dom_bridge::tests::test_text_track_family_r390 ... ok
test js_dom_bridge::tests::test_toggle_attribute_consecutive_return_production_r3192 ... ok
test js_dom_bridge::tests::test_toggle_attribute_return_latest_wins_production_r3191 ... ok
test js_dom_bridge::tests::test_transform_stream_pipe_r2969 ... ok
test js_dom_bridge::tests::test_textarea_default_value_r3049 ... ok
test js_dom_bridge::tests::test_tree_walker_hierarchical_methods_r3257 ... ok
test js_dom_bridge::tests::test_url_setters_r2780 ... ok
test js_dom_bridge::tests::test_treewalker_api_surface_r41 ... ok
test js_dom_bridge::tests::test_url_search_params_r2772 ... ok
test js_dom_bridge::tests::test_url_constructor_r2778 ... ok
test js_dom_bridge::tests::test_ua_display_li_list_item_canvas_inline_s24_flip ... ok
test js_dom_bridge::tests::test_user_resize_hook_r3254 ... ok
test js_dom_bridge::tests::test_ua_display_none_group_center_legend_s26_flip ... ok
test js_dom_bridge::tests::test_webaudio_node_ctor_and_param_exception_face_m3w4 ... ok
test js_dom_bridge::tests::test_webaudio_decode_audio_data_face_m3xviii ... ok
test js_dom_bridge::tests::test_webaudio_convolver_face_m3xxxi ... ok
test js_dom_bridge::tests::test_user_scroll_hook_r3253 ... ok
test js_dom_bridge::tests::test_webaudio_merger_splitter_constant_source_m3xxiv ... ok
test js_dom_bridge::tests::test_webaudio_detached_iframe_context_m3xxx ... ok
test js_dom_bridge::tests::test_webaudio_offline_oncomplete_face_m3w6 ... ok
test js_dom_bridge::tests::test_webaudio_oscillator_detune_computed_frequency_face_m3w5 ... ok
test js_dom_bridge::tests::test_webaudio_oscillator_subsample_start_face_m3w7 ... ok
test js_dom_bridge::tests::test_window_dialog_methods_r2979 ... ok
test js_dom_bridge::tests::test_webaudio_processing_ctor_family2_m3xxvi ... ok
test js_dom_bridge::tests::test_window_post_message_r2983 ... ok
test js_dom_bridge::tests::test_window_onload_assignment_registers_load_listener ... ok
test js_dom_bridge::tests::text_query_includes_pending_appended_child ... ok
test js_dom_bridge::tests::test_window_event_current_event_global_r33 ... ok
test js_dom_bridge::tests::test_window_print_and_stop_r3246 ... ok
test js_dom_bridge::tests::test_window_onerror_report_r2940 ... ok
test js_dom_bridge::tests::test_window_scroll_observable_r3254_kp4 ... ok
test js_dom_bridge::tests::test_worker_api_surface_r3080 ... ok
test js_dom_bridge::tests::test_worker_blob_url_script_executes_and_missing_blob_fires_error ... ok
test js_dom_bridge::tests::zz_r175_frag_body_filter ... ok
test js_dom_bridge::tests::test_window_event_shadow_suppression_r114 ... ok
test js_dom_bridge::tests::test_writable_stream_r2969 ... ok
test js_dom_bridge::tests::test_window_context_globals_r2987 ... ok
test js_dom_bridge::tests::test_zw_mel_click_and_classlist_r151 ... ok
test js_dom_bridge::tests::text_delete_dispatches_beforeinput_then_input ... ok
test js_dom_bridge::tests::test_xmlserializer_importnode_r2818 ... ok
test js_dom_bridge::tests::text_control_reset_restores_unpolluted_default ... ok
test js_dom_bridge::tests::text_insert_dispatches_beforeinput_then_input ... ok
test js_dom_bridge::tests::wc_m1_ce_customized_builtins ... ok
test js_dom_bridge::tests::wc_m1_factory_shadow_mutation_and_clone_template_content ... ok
test js_dom_bridge::tests::wc_m1_ce_define_domexception_types ... ok
test js_dom_bridge::tests::wc_m1_cycle_guard_no_regression_on_acyclic_trees ... ok
test js_dom_bridge::tests::wc_m1_ce_reactions_and_adopt ... ok
test js_dom_bridge::tests::test_t8g_npo_iframe_scan_no_collection_leak ... ok

failures:

failures:
    js_dom_bridge::tests::named_access_doc_tree_root_head_mount_s44
    js_dom_bridge::tests::static_selector_query_parsed_subtree_remove_s44

test result: FAILED. 1021 passed; 2 failed; 0 ignored; 0 measured; 1885 filtered out; finished in 4.39s

error: test failed, to rerun pass `-p zero-engine --lib`
EXIT=101
