TREE_SHA=cfec8f59ea7fb0b1a292c7744208e8bd165f9a12
PIN_COMMIT=cfec8f59ea7fb0b1a292c7744208e8bd165f9a12
   Compiling zero-engine v0.1.0 (/home/lei/work/ZeroWeb/crates/engine)
    Finished `test` profile [unoptimized + debuginfo] target(s) in 7.10s
     Running unittests src/lib.rs (target/debug/deps/zero_engine-acbd885ebec27618)

running 3 tests
test js_dom_bridge::tests::named_access_doc_tree_root_head_mount_s44 ... FAILED
test js_dom_bridge::tests::static_selector_query_parsed_subtree_remove_s44 ... FAILED
test js_dom_bridge::tests::parsed_subtree_move_lifecycle_s44 ... ok

failures:

---- js_dom_bridge::tests::named_access_doc_tree_root_head_mount_s44 stdout ----

thread 'js_dom_bridge::tests::named_access_doc_tree_root_head_mount_s44' (3325015) panicked at crates/engine/src/js_dom_bridge_tests/part44.rs:136:5:
assertion `left == right` failed: head 内挂载 id 命名元素入 named objects（spec document tree 判定；修前 body 根谓词漏判为 undefined）
  left: "false"
 right: "true"

---- js_dom_bridge::tests::static_selector_query_parsed_subtree_remove_s44 stdout ----

thread 'js_dom_bridge::tests::static_selector_query_parsed_subtree_remove_s44' (3325017) panicked at crates/engine/src/js_dom_bridge_tests/part44.rs:83:5:
assertion `left == right` failed: document.querySelectorAll('img') 不含已移除 parsed 后代（spec 查询面限当下 document tree；修前 stale 3）
  left: "3"
 right: "1"
note: run with `RUST_BACKTRACE=1` environment variable to display a backtrace


failures:
    js_dom_bridge::tests::named_access_doc_tree_root_head_mount_s44
    js_dom_bridge::tests::static_selector_query_parsed_subtree_remove_s44

test result: FAILED. 1 passed; 2 failed; 0 ignored; 0 measured; 2905 filtered out; finished in 0.06s

error: test failed, to rerun pass `-p zero-engine --lib`
EXIT=101
