# red-M2a-r2.log — 提交树重取 mutation M2a red（全模块三钉，守恒绿面同轮落证）
# date: 2026-10-07T18:06:06+08:00  HEAD: 2ec7e7b89  branch: slice39-notify-bounded-wait-multitab
# cmd: cargo test -p zero-renderer --lib page_scripts::bounded_wait_tests
# product page_scripts.rs sha256(施行时): 265d11bc58ca0bbb7ecec7145d416173287bf9f29f9db7b54bbc9e1e1194818d
# test bounded_wait_tests.rs sha256: ab700d698cbaf3aad41865bb14dad8df1a7a00b48ddd0ab3e8a3566437567edb
# wall: 8.99s  exit: 101


running 3 tests
test page_scripts::bounded_wait_tests::apply_generation_state_isolated_across_tab_instances_s39 ... ok
test page_scripts::bounded_wait_tests::drain_timeout_applies_recorded_and_recovers_backlog_s39 ... ok
test page_scripts::bounded_wait_tests::apply_generation_bump_lands_after_bounded_wait_timeout_s39 ... FAILED

failures:

---- page_scripts::bounded_wait_tests::apply_generation_bump_lands_after_bounded_wait_timeout_s39 stdout ----

thread 'page_scripts::bounded_wait_tests::apply_generation_bump_lands_after_bounded_wait_timeout_s39' (326488) panicked at apps/renderer/src/page_scripts/bounded_wait_tests.rs:176:5:
bump 超时后须滞留补执行（gen0=0 gen1=0）——滞留命令丢弃/通知删行形态恒红
note: run with `RUST_BACKTRACE=1` environment variable to display a backtrace


failures:
    page_scripts::bounded_wait_tests::apply_generation_bump_lands_after_bounded_wait_timeout_s39

test result: FAILED. 2 passed; 1 failed; 0 ignored; 0 measured; 220 filtered out; finished in 6.26s

   Compiling zero-renderer v0.1.0 (/home/lei/work/ZeroWeb/apps/renderer)
    Finished `test` profile [unoptimized + debuginfo] target(s) in 2.68s
     Running unittests src/lib.rs (target/debug/deps/zero_renderer-5977e6194b6742d5)
error: test failed, to rerun pass `-p zero-renderer --lib`

# exit: 101
