test js_dom_bridge::tests::named_access_shadow_tree_excluded_s40 ... ok

failures:

---- js_dom_bridge::tests::named_access_native_attr_sync_s40 stdout ----

thread 'js_dom_bridge::tests::named_access_native_attr_sync_s40' (946280) panicked at crates/engine/src/js_dom_bridge_tests/part38.rs:497:5:
assertion `left == right` failed: native attributes(id) 通知触发重核 → 名恢复解析（kill-switch ON 臂；修前通知不触达动态名面恒缺席）
  left: "false"
 right: "true"
note: run with `RUST_BACKTRACE=1` environment variable to display a backtrace

---- js_dom_bridge::tests::named_access_l36_ledger_delete_aligned_s40 stdout ----

thread 'js_dom_bridge::tests::named_access_l36_ledger_delete_aligned_s40' (946279) panicked at crates/engine/src/js_dom_bridge_tests/part38.rs:538:5:
assertion `left == right` failed: 改写形态下 L36u 同步删除（与 dyn 账本对齐；修前残留 true 至换代回收）
  left: "false"
 right: "true"

---- js_dom_bridge::tests::named_access_subtree_descendant_unregister_s40 stdout ----

thread 'js_dom_bridge::tests::named_access_subtree_descendant_unregister_s40' (946284) panicked at crates/engine/src/js_dom_bridge_tests/part38.rs:453:5:
assertion `left == right` failed: 子树移除后后代动态名失格（spec 断开连接即不再暴露；修前 stale 可解析至换代回收）
  left: "false"
 right: "true"


failures:
    js_dom_bridge::tests::named_access_l36_ledger_delete_aligned_s40
    js_dom_bridge::tests::named_access_native_attr_sync_s40
    js_dom_bridge::tests::named_access_subtree_descendant_unregister_s40

test result: FAILED. 3 passed; 3 failed; 0 ignored; 0 measured; 2884 filtered out; finished in 0.06s

error: test failed, to rerun pass `-p zero-engine --lib`
