    Finished `test` profile [unoptimized + debuginfo] target(s) in 0.17s
     Running unittests src/lib.rs (target/debug/deps/zero_engine-acbd885ebec27618)

running 7 tests
test js_dom_bridge::tests::test_collect_name_face_non_nameable_tags_s28 ... ok
test js_dom_bridge::tests::test_collect_name_face_id_name_same_value_dedup_s28 ... ok
test js_dom_bridge::tests::test_collect_multi_match_negative_non_nameable_and_single_s30 ... FAILED
test js_dom_bridge::tests::test_collect_name_face_elements_tree_order_s28 ... FAILED
test js_dom_bridge::tests::test_collect_name_face_empty_name_skipped_s28 ... ok
test js_dom_bridge::tests::test_collect_name_face_order_id_only_regression_s28 ... ok
test js_dom_bridge::tests::named_access_iframe_whitelist_boundary_s33 ... FAILED

failures:

---- js_dom_bridge::tests::test_collect_multi_match_negative_non_nameable_and_single_s30 stdout ----

thread 'js_dom_bridge::tests::test_collect_multi_match_negative_non_nameable_and_single_s30' (1885849) panicked at crates/engine/src/js_dom_bridge_tests/part33.rs:133:5:
assertion `left == right` failed: 非 name-able 多命中（input/a/iframe）不入选；全单命中不入选
  left: "fr"
 right: ""
note: run with `RUST_BACKTRACE=1` environment variable to display a backtrace

---- js_dom_bridge::tests::test_collect_name_face_elements_tree_order_s28 stdout ----

thread 'js_dom_bridge::tests::test_collect_name_face_elements_tree_order_s28' (1885850) panicked at crates/engine/src/js_dom_bridge_tests/part33.rs:25:5:
assertion `left == right` failed: name 面四元素与 id 面单遍树序合并收集；iframe 不入本面（R139 委托）
  left: "f1|ii|i1|fr|e1|o1"
 right: "f1|ii|i1|e1|o1"

---- js_dom_bridge::tests::named_access_iframe_whitelist_boundary_s33 stdout ----

thread 'js_dom_bridge::tests::named_access_iframe_whitelist_boundary_s33' (1885848) panicked at crates/engine/src/js_dom_bridge_tests/part35.rs:102:5:
assertion `left == right` failed: iframe 名不进安装器面（spec name 面仅 embed/form/img/object，R139 委托面）
  left: "false"
 right: "true"


failures:
    js_dom_bridge::tests::named_access_iframe_whitelist_boundary_s33
    js_dom_bridge::tests::test_collect_multi_match_negative_non_nameable_and_single_s30
    js_dom_bridge::tests::test_collect_name_face_elements_tree_order_s28

test result: FAILED. 4 passed; 3 failed; 0 ignored; 0 measured; 2824 filtered out; finished in 0.05s

error: test failed, to rerun pass `-p zero-engine --lib`
