   Compiling zero-net v0.1.0 (/home/lei/work/ZeroWeb/crates/net)
   Compiling zero-canvas v0.1.0 (/home/lei/work/ZeroWeb/crates/canvas)
   Compiling zero-layout-engine v0.1.0 (/home/lei/work/ZeroWeb/crates/layout-engine)
   Compiling zero-engine v0.1.0 (/home/lei/work/ZeroWeb/crates/engine)
    Finished `test` profile [unoptimized + debuginfo] target(s) in 26.38s

running 2 tests
test tests::pipeline::budget_done_step_clears_form_control_state_maps_s38 ... FAILED
test tests::pipeline::render_html_in_rect_swapping_cached_doc_clears_node_id_keyed_maps_s38 ... FAILED

failures:

---- tests::pipeline::budget_done_step_clears_form_control_state_maps_s38 stdout ----

thread 'tests::pipeline::budget_done_step_clears_form_control_state_maps_s38' (2988335) panicked at crates/engine/src/tests/pipeline.rs:2285:5:
预算换代后 form_control_values 不得残留上一代 NodeId 键
note: run with `RUST_BACKTRACE=1` environment variable to display a backtrace

---- tests::pipeline::render_html_in_rect_swapping_cached_doc_clears_node_id_keyed_maps_s38 stdout ----

thread 'tests::pipeline::render_html_in_rect_swapping_cached_doc_clears_node_id_keyed_maps_s38' (2988336) panicked at crates/engine/src/tests/pipeline.rs:2342:5:
render_html_in_rect 换代后 handle 表不得残留上一代条目


failures:
    tests::pipeline::budget_done_step_clears_form_control_state_maps_s38
    tests::pipeline::render_html_in_rect_swapping_cached_doc_clears_node_id_keyed_maps_s38

test result: FAILED. 0 passed; 2 failed; 0 ignored; 0 measured; 2871 filtered out; finished in 0.01s


[exited with code 0]
