TREE_SHA=595425f093aeb4230e68658e39025644041ee749
    Finished `release` profile [optimized] target(s) in 0.19s
     Running `target/release/zero-wpt-runner testharness-dom browsers/the-window-object/named-access-on-the-window-object`
Pass html/browsers/the-window-object/named-access-on-the-window-object/existing-prop.html :: A named property must not be set if a property already exists
Pass html/browsers/the-window-object/named-access-on-the-window-object/existing-prop.html :: A named property must not be set if a property already exists, even if undefined
Pass html/browsers/the-window-object/named-access-on-the-window-object/existing-prop.html :: If a property is occupied by a named property but then the user sets it, the user's value shadows it
Pass html/browsers/the-window-object/named-access-on-the-window-object/existing-prop.html :: A named property must not be set if the property already exists in the proxy
Fail html/browsers/the-window-object/named-access-on-the-window-object/cross-origin-named-access.sub.html :: html/browsers/the-window-object/named-access-on-the-window-object/cross-origin-named-access.sub.html
  page script threw (declared tests: 0): Script error: external script /common/get-host-info.sub.js: script fetch failed: common/get-host-info.sub.js (No such file or directory (os error 2))
Pass html/browsers/the-window-object/named-access-on-the-window-object/changing.html :: Changing an attribute must update the named properties (id)
Pass html/browsers/the-window-object/named-access-on-the-window-object/changing.html :: Changing an attribute must update the named properties (name)
Pass html/browsers/the-window-object/named-access-on-the-window-object/changing.html :: Changing an attribute must not remove the named properties if a different attribute still matches (id)
Pass html/browsers/the-window-object/named-access-on-the-window-object/changing.html :: Changing an attribute must not remove the named properties if a different attribute still matches (name)
Pass html/browsers/the-window-object/named-access-on-the-window-object/changing.html :: Changing an attribute that is not id or name must not cause errors
Pass html/browsers/the-window-object/named-access-on-the-window-object/window-null-names.html :: Named access with null characters
Pass html/browsers/the-window-object/named-access-on-the-window-object/named-objects.html :: Check if the first nested browsing context is returned by window['c']
Pass html/browsers/the-window-object/named-access-on-the-window-object/named-objects.html :: Check if window['a'] contains all embed, form, img, and object elements, and their order
Pass html/browsers/the-window-object/named-access-on-the-window-object/named-objects.html :: Check if window['b'] returns the elements with the id='b'
Pass html/browsers/the-window-object/named-access-on-the-window-object/named-objects.html :: Check if window['d'] returns the element with id='d'
Pass html/browsers/the-window-object/named-access-on-the-window-object/named-objects.html :: Check widow[''] when there are some elements with empty id or name attribute
Timeout html/browsers/the-window-object/named-access-on-the-window-object/named-objects.html :: html/browsers/the-window-object/named-access-on-the-window-object/named-objects.html
  testharness completion callback was not called (test=function, hook=function, scripts=[201271, 2218], state={"loaded":true,"pending":1,"phase":3,"tests":6}, test_wait=false)
Pass html/browsers/the-window-object/named-access-on-the-window-object/window-named-properties.html :: Static name
Pass html/browsers/the-window-object/named-access-on-the-window-object/window-named-properties.html :: Static id
Pass html/browsers/the-window-object/named-access-on-the-window-object/window-named-properties.html :: Static name on the prototype
Pass html/browsers/the-window-object/named-access-on-the-window-object/window-named-properties.html :: constructor
Pass html/browsers/the-window-object/named-access-on-the-window-object/window-named-properties.html :: duplicate property names
Timeout html/browsers/the-window-object/named-access-on-the-window-object/window-named-properties.html :: html/browsers/the-window-object/named-access-on-the-window-object/window-named-properties.html
  testharness completion callback was not called (test=function, hook=function, scripts=[201271, 2652], state={"loaded":true,"pending":2,"phase":4,"tests":7}, test_wait=false)
Pass html/browsers/the-window-object/named-access-on-the-window-object/prototype.html :: Property on window.
Pass html/browsers/the-window-object/named-access-on-the-window-object/prototype.html :: Property on Window.prototype.
Pass html/browsers/the-window-object/named-access-on-the-window-object/prototype.html :: Property on EventTarget.prototype.
Pass html/browsers/the-window-object/named-access-on-the-window-object/prototype.html :: Property on Object.prototype.
Pass html/browsers/the-window-object/named-access-on-the-window-object/doc-no-window.html :: A document without a Window must not cause errors
Pass html/browsers/the-window-object/named-access-on-the-window-object/multi-match.html :: A named property must return a HTMLCollection if there are multiple matches
Pass html/browsers/the-window-object/named-access-on-the-window-object/cross-global-support.html :: html/browsers/the-window-object/named-access-on-the-window-object/cross-global-support.html
Pass html/browsers/the-window-object/named-access-on-the-window-object/nested-context.html :: A named property that matches any element that contains a nested browsing context, must return the WindowProxy of that context
Pass html/browsers/the-window-object/named-access-on-the-window-object/nested-context.html :: A named property that matches an element that contains a nested browsing context must return the element if using id
Pass html/browsers/the-window-object/named-access-on-the-window-object/cross-global-npo.html :: Named access across globals
Pass html/browsers/the-window-object/named-access-on-the-window-object/basics.html :: A named property must return an element as-is if its name attribute matches
Pass html/browsers/the-window-object/named-access-on-the-window-object/basics.html :: A named property must not be set if the element is not reachable from the Document
Pass html/browsers/the-window-object/named-access-on-the-window-object/basics.html :: A named property must not be enumerable
Pass html/browsers/the-window-object/named-access-on-the-window-object/basics.html :: A named property must return any element for which the id attribute matches
Pass html/browsers/the-window-object/named-access-on-the-window-object/basics.html :: A non element node in the document should not cause errors
Pass html/browsers/the-window-object/named-access-on-the-window-object/basics.html :: An element with identical name and id attributes should occur in the HTMLCollection once, not twice
Pass html/browsers/the-window-object/named-access-on-the-window-object/removing.html :: Removing an element must update the named properties
Pass html/browsers/the-window-object/named-access-on-the-window-object/removing.html :: Removing a non-element node must not cause errors
Pass html/browsers/the-window-object/named-access-on-the-window-object/test.html :: html/browsers/the-window-object/named-access-on-the-window-object/test.html
Pass html/browsers/the-window-object/named-access-on-the-window-object/strict-mode-redefine-readonly-property.html :: Adding/removing form with a name referring to a non-configurable property
Pass html/browsers/the-window-object/named-access-on-the-window-object/name-attribute-elements.html :: Only elements with specific local names may be returned if their name attribute matches
Pass html/browsers/the-window-object/named-access-on-the-window-object/name-attribute-elements.html :: Only elements with specific local names may be returned if their name attribute matches (negative test)
Pass html/browsers/the-window-object/named-access-on-the-window-object/name-attribute-elements.html :: Removing an element for which the name attribute is not tracked, must not cause errors upon removing it
WPT_EXIT=1
